<?xml version="1.0"?>
<link_info>
   <banner>TMS320C6x Linker PC v7.4.4</banner>
   <copyright>Copyright (c) 1996-2013 Texas Instruments Incorporated</copyright>
   <link_time>0x673d06be</link_time>
   <output_file>RadarProcessor.out</output_file>
   <entry_point>
      <name>_c_int00</name>
      <address>0xddc0</address>
   </entry_point>
   <input_file_list>
      <input_file id="fl-2">
         <path>.\</path>
         <kind>object</kind>
         <file>Vectors_intr.obj</file>
         <name>Vectors_intr.obj</name>
      </input_file>
      <input_file id="fl-3">
         <path>.\</path>
         <kind>object</kind>
         <file>RadarProcessor_lab4.obj</file>
         <name>RadarProcessor_lab4.obj</name>
      </input_file>
      <input_file id="fl-81">
         <path>C:\ti\ccsv5\tools\compiler\c6000_7.4.4\lib\</path>
         <kind>archive</kind>
         <file>rts6200.lib</file>
         <name>addf.obj</name>
      </input_file>
      <input_file id="fl-82">
         <path>C:\ti\ccsv5\tools\compiler\c6000_7.4.4\lib\</path>
         <kind>archive</kind>
         <file>rts6200.lib</file>
         <name>boot.obj</name>
      </input_file>
      <input_file id="fl-83">
         <path>C:\ti\ccsv5\tools\compiler\c6000_7.4.4\lib\</path>
         <kind>archive</kind>
         <file>rts6200.lib</file>
         <name>cmpd.obj</name>
      </input_file>
      <input_file id="fl-84">
         <path>C:\ti\ccsv5\tools\compiler\c6000_7.4.4\lib\</path>
         <kind>archive</kind>
         <file>rts6200.lib</file>
         <name>cos.obj</name>
      </input_file>
      <input_file id="fl-85">
         <path>C:\ti\ccsv5\tools\compiler\c6000_7.4.4\lib\</path>
         <kind>archive</kind>
         <file>rts6200.lib</file>
         <name>cvtdf.obj</name>
      </input_file>
      <input_file id="fl-86">
         <path>C:\ti\ccsv5\tools\compiler\c6000_7.4.4\lib\</path>
         <kind>archive</kind>
         <file>rts6200.lib</file>
         <name>cvtfd.obj</name>
      </input_file>
      <input_file id="fl-87">
         <path>C:\ti\ccsv5\tools\compiler\c6000_7.4.4\lib\</path>
         <kind>archive</kind>
         <file>rts6200.lib</file>
         <name>divd.obj</name>
      </input_file>
      <input_file id="fl-88">
         <path>C:\ti\ccsv5\tools\compiler\c6000_7.4.4\lib\</path>
         <kind>archive</kind>
         <file>rts6200.lib</file>
         <name>exit.obj</name>
      </input_file>
      <input_file id="fl-89">
         <path>C:\ti\ccsv5\tools\compiler\c6000_7.4.4\lib\</path>
         <kind>archive</kind>
         <file>rts6200.lib</file>
         <name>fixdi.obj</name>
      </input_file>
      <input_file id="fl-8a">
         <path>C:\ti\ccsv5\tools\compiler\c6000_7.4.4\lib\</path>
         <kind>archive</kind>
         <file>rts6200.lib</file>
         <name>fltid.obj</name>
      </input_file>
      <input_file id="fl-8b">
         <path>C:\ti\ccsv5\tools\compiler\c6000_7.4.4\lib\</path>
         <kind>archive</kind>
         <file>rts6200.lib</file>
         <name>frcmpyd_div.obj</name>
      </input_file>
      <input_file id="fl-8c">
         <path>C:\ti\ccsv5\tools\compiler\c6000_7.4.4\lib\</path>
         <kind>archive</kind>
         <file>rts6200.lib</file>
         <name>log2.obj</name>
      </input_file>
      <input_file id="fl-8d">
         <path>C:\ti\ccsv5\tools\compiler\c6000_7.4.4\lib\</path>
         <kind>archive</kind>
         <file>rts6200.lib</file>
         <name>modf.obj</name>
      </input_file>
      <input_file id="fl-8e">
         <path>C:\ti\ccsv5\tools\compiler\c6000_7.4.4\lib\</path>
         <kind>archive</kind>
         <file>rts6200.lib</file>
         <name>mpyd.obj</name>
      </input_file>
      <input_file id="fl-8f">
         <path>C:\ti\ccsv5\tools\compiler\c6000_7.4.4\lib\</path>
         <kind>archive</kind>
         <file>rts6200.lib</file>
         <name>mpyf.obj</name>
      </input_file>
      <input_file id="fl-90">
         <path>C:\ti\ccsv5\tools\compiler\c6000_7.4.4\lib\</path>
         <kind>archive</kind>
         <file>rts6200.lib</file>
         <name>mpyll.obj</name>
      </input_file>
      <input_file id="fl-91">
         <path>C:\ti\ccsv5\tools\compiler\c6000_7.4.4\lib\</path>
         <kind>archive</kind>
         <file>rts6200.lib</file>
         <name>negd.obj</name>
      </input_file>
      <input_file id="fl-92">
         <path>C:\ti\ccsv5\tools\compiler\c6000_7.4.4\lib\</path>
         <kind>archive</kind>
         <file>rts6200.lib</file>
         <name>negf.obj</name>
      </input_file>
      <input_file id="fl-93">
         <path>C:\ti\ccsv5\tools\compiler\c6000_7.4.4\lib\</path>
         <kind>archive</kind>
         <file>rts6200.lib</file>
         <name>printf.obj</name>
      </input_file>
      <input_file id="fl-94">
         <path>C:\ti\ccsv5\tools\compiler\c6000_7.4.4\lib\</path>
         <kind>archive</kind>
         <file>rts6200.lib</file>
         <name>round.obj</name>
      </input_file>
      <input_file id="fl-95">
         <path>C:\ti\ccsv5\tools\compiler\c6000_7.4.4\lib\</path>
         <kind>archive</kind>
         <file>rts6200.lib</file>
         <name>sin.obj</name>
      </input_file>
      <input_file id="fl-96">
         <path>C:\ti\ccsv5\tools\compiler\c6000_7.4.4\lib\</path>
         <kind>archive</kind>
         <file>rts6200.lib</file>
         <name>sqrt.obj</name>
      </input_file>
      <input_file id="fl-97">
         <path>C:\ti\ccsv5\tools\compiler\c6000_7.4.4\lib\</path>
         <kind>archive</kind>
         <file>rts6200.lib</file>
         <name>subd.obj</name>
      </input_file>
      <input_file id="fl-98">
         <path>C:\ti\ccsv5\tools\compiler\c6000_7.4.4\lib\</path>
         <kind>archive</kind>
         <file>rts6200.lib</file>
         <name>subf.obj</name>
      </input_file>
      <input_file id="fl-99">
         <path>C:\ti\ccsv5\tools\compiler\c6000_7.4.4\lib\</path>
         <kind>archive</kind>
         <file>rts6200.lib</file>
         <name>trunc.obj</name>
      </input_file>
      <input_file id="fl-9a">
         <path>C:\ti\ccsv5\tools\compiler\c6000_7.4.4\lib\</path>
         <kind>archive</kind>
         <file>rts6200.lib</file>
         <name>_lock.obj</name>
      </input_file>
      <input_file id="fl-9b">
         <path>C:\ti\ccsv5\tools\compiler\c6000_7.4.4\lib\</path>
         <kind>archive</kind>
         <file>rts6200.lib</file>
         <name>_printfi.obj</name>
      </input_file>
      <input_file id="fl-9c">
         <path>C:\ti\ccsv5\tools\compiler\c6000_7.4.4\lib\</path>
         <kind>archive</kind>
         <file>rts6200.lib</file>
         <name>addd.obj</name>
      </input_file>
      <input_file id="fl-9d">
         <path>C:\ti\ccsv5\tools\compiler\c6000_7.4.4\lib\</path>
         <kind>archive</kind>
         <file>rts6200.lib</file>
         <name>args_main.obj</name>
      </input_file>
      <input_file id="fl-9e">
         <path>C:\ti\ccsv5\tools\compiler\c6000_7.4.4\lib\</path>
         <kind>archive</kind>
         <file>rts6200.lib</file>
         <name>atoi.obj</name>
      </input_file>
      <input_file id="fl-9f">
         <path>C:\ti\ccsv5\tools\compiler\c6000_7.4.4\lib\</path>
         <kind>archive</kind>
         <file>rts6200.lib</file>
         <name>autoinit.obj</name>
      </input_file>
      <input_file id="fl-a0">
         <path>C:\ti\ccsv5\tools\compiler\c6000_7.4.4\lib\</path>
         <kind>archive</kind>
         <file>rts6200.lib</file>
         <name>cpp_init.obj</name>
      </input_file>
      <input_file id="fl-a1">
         <path>C:\ti\ccsv5\tools\compiler\c6000_7.4.4\lib\</path>
         <kind>archive</kind>
         <file>rts6200.lib</file>
         <name>cpy_tbl.obj</name>
      </input_file>
      <input_file id="fl-a2">
         <path>C:\ti\ccsv5\tools\compiler\c6000_7.4.4\lib\</path>
         <kind>archive</kind>
         <file>rts6200.lib</file>
         <name>ctype.obj</name>
      </input_file>
      <input_file id="fl-a3">
         <path>C:\ti\ccsv5\tools\compiler\c6000_7.4.4\lib\</path>
         <kind>archive</kind>
         <file>rts6200.lib</file>
         <name>defs.obj</name>
      </input_file>
      <input_file id="fl-a4">
         <path>C:\ti\ccsv5\tools\compiler\c6000_7.4.4\lib\</path>
         <kind>archive</kind>
         <file>rts6200.lib</file>
         <name>divu.obj</name>
      </input_file>
      <input_file id="fl-a5">
         <path>C:\ti\ccsv5\tools\compiler\c6000_7.4.4\lib\</path>
         <kind>archive</kind>
         <file>rts6200.lib</file>
         <name>errno.obj</name>
      </input_file>
      <input_file id="fl-a6">
         <path>C:\ti\ccsv5\tools\compiler\c6000_7.4.4\lib\</path>
         <kind>archive</kind>
         <file>rts6200.lib</file>
         <name>fixdli.obj</name>
      </input_file>
      <input_file id="fl-a7">
         <path>C:\ti\ccsv5\tools\compiler\c6000_7.4.4\lib\</path>
         <kind>archive</kind>
         <file>rts6200.lib</file>
         <name>fltlid.obj</name>
      </input_file>
      <input_file id="fl-a8">
         <path>C:\ti\ccsv5\tools\compiler\c6000_7.4.4\lib\</path>
         <kind>archive</kind>
         <file>rts6200.lib</file>
         <name>fputc.obj</name>
      </input_file>
      <input_file id="fl-a9">
         <path>C:\ti\ccsv5\tools\compiler\c6000_7.4.4\lib\</path>
         <kind>archive</kind>
         <file>rts6200.lib</file>
         <name>fputs.obj</name>
      </input_file>
      <input_file id="fl-aa">
         <path>C:\ti\ccsv5\tools\compiler\c6000_7.4.4\lib\</path>
         <kind>archive</kind>
         <file>rts6200.lib</file>
         <name>frcaddd.obj</name>
      </input_file>
      <input_file id="fl-ab">
         <path>C:\ti\ccsv5\tools\compiler\c6000_7.4.4\lib\</path>
         <kind>archive</kind>
         <file>rts6200.lib</file>
         <name>frcmpyd.obj</name>
      </input_file>
      <input_file id="fl-ac">
         <path>C:\ti\ccsv5\tools\compiler\c6000_7.4.4\lib\</path>
         <kind>archive</kind>
         <file>rts6200.lib</file>
         <name>frcmpyf.obj</name>
      </input_file>
      <input_file id="fl-ad">
         <path>C:\ti\ccsv5\tools\compiler\c6000_7.4.4\lib\</path>
         <kind>archive</kind>
         <file>rts6200.lib</file>
         <name>frexp.obj</name>
      </input_file>
      <input_file id="fl-ae">
         <path>C:\ti\ccsv5\tools\compiler\c6000_7.4.4\lib\</path>
         <kind>archive</kind>
         <file>rts6200.lib</file>
         <name>imath40.obj</name>
      </input_file>
      <input_file id="fl-af">
         <path>C:\ti\ccsv5\tools\compiler\c6000_7.4.4\lib\</path>
         <kind>archive</kind>
         <file>rts6200.lib</file>
         <name>imath64.obj</name>
      </input_file>
      <input_file id="fl-b0">
         <path>C:\ti\ccsv5\tools\compiler\c6000_7.4.4\lib\</path>
         <kind>archive</kind>
         <file>rts6200.lib</file>
         <name>isinf.obj</name>
      </input_file>
      <input_file id="fl-b1">
         <path>C:\ti\ccsv5\tools\compiler\c6000_7.4.4\lib\</path>
         <kind>archive</kind>
         <file>rts6200.lib</file>
         <name>ldexp.obj</name>
      </input_file>
      <input_file id="fl-b2">
         <path>C:\ti\ccsv5\tools\compiler\c6000_7.4.4\lib\</path>
         <kind>archive</kind>
         <file>rts6200.lib</file>
         <name>llshift.obj</name>
      </input_file>
      <input_file id="fl-b3">
         <path>C:\ti\ccsv5\tools\compiler\c6000_7.4.4\lib\</path>
         <kind>archive</kind>
         <file>rts6200.lib</file>
         <name>log.obj</name>
      </input_file>
      <input_file id="fl-b4">
         <path>C:\ti\ccsv5\tools\compiler\c6000_7.4.4\lib\</path>
         <kind>archive</kind>
         <file>rts6200.lib</file>
         <name>lowlev.obj</name>
      </input_file>
      <input_file id="fl-b5">
         <path>C:\ti\ccsv5\tools\compiler\c6000_7.4.4\lib\</path>
         <kind>archive</kind>
         <file>rts6200.lib</file>
         <name>ltoa.obj</name>
      </input_file>
      <input_file id="fl-b6">
         <path>C:\ti\ccsv5\tools\compiler\c6000_7.4.4\lib\</path>
         <kind>archive</kind>
         <file>rts6200.lib</file>
         <name>memccpy.obj</name>
      </input_file>
      <input_file id="fl-b7">
         <path>C:\ti\ccsv5\tools\compiler\c6000_7.4.4\lib\</path>
         <kind>archive</kind>
         <file>rts6200.lib</file>
         <name>memcpy62.obj</name>
      </input_file>
      <input_file id="fl-b8">
         <path>C:\ti\ccsv5\tools\compiler\c6000_7.4.4\lib\</path>
         <kind>archive</kind>
         <file>rts6200.lib</file>
         <name>memset.obj</name>
      </input_file>
      <input_file id="fl-b9">
         <path>C:\ti\ccsv5\tools\compiler\c6000_7.4.4\lib\</path>
         <kind>archive</kind>
         <file>rts6200.lib</file>
         <name>negll.obj</name>
      </input_file>
      <input_file id="fl-ba">
         <path>C:\ti\ccsv5\tools\compiler\c6000_7.4.4\lib\</path>
         <kind>archive</kind>
         <file>rts6200.lib</file>
         <name>renormd.obj</name>
      </input_file>
      <input_file id="fl-bb">
         <path>C:\ti\ccsv5\tools\compiler\c6000_7.4.4\lib\</path>
         <kind>archive</kind>
         <file>rts6200.lib</file>
         <name>trgdrv.obj</name>
      </input_file>
      <input_file id="fl-bc">
         <path>C:\ti\ccsv5\tools\compiler\c6000_7.4.4\lib\</path>
         <kind>archive</kind>
         <file>rts6200.lib</file>
         <name>trgmsg.obj</name>
      </input_file>
      <input_file id="fl-bd">
         <path>C:\ti\ccsv5\tools\compiler\c6000_7.4.4\lib\</path>
         <kind>archive</kind>
         <file>rts6200.lib</file>
         <name>_io_perm.obj</name>
      </input_file>
      <input_file id="fl-be">
         <path>C:\ti\ccsv5\tools\compiler\c6000_7.4.4\lib\</path>
         <kind>archive</kind>
         <file>rts6200.lib</file>
         <name>abs.obj</name>
      </input_file>
      <input_file id="fl-bf">
         <path>C:\ti\ccsv5\tools\compiler\c6000_7.4.4\lib\</path>
         <kind>archive</kind>
         <file>rts6200.lib</file>
         <name>fflush.obj</name>
      </input_file>
      <input_file id="fl-c0">
         <path>C:\ti\ccsv5\tools\compiler\c6000_7.4.4\lib\</path>
         <kind>archive</kind>
         <file>rts6200.lib</file>
         <name>fseek.obj</name>
      </input_file>
      <input_file id="fl-c1">
         <path>C:\ti\ccsv5\tools\compiler\c6000_7.4.4\lib\</path>
         <kind>archive</kind>
         <file>rts6200.lib</file>
         <name>setvbuf.obj</name>
      </input_file>
      <input_file id="fl-c2">
         <path>C:\ti\ccsv5\tools\compiler\c6000_7.4.4\lib\</path>
         <kind>archive</kind>
         <file>rts6200.lib</file>
         <name>fopen.obj</name>
      </input_file>
      <input_file id="fl-c3">
         <path>C:\ti\ccsv5\tools\compiler\c6000_7.4.4\lib\</path>
         <kind>archive</kind>
         <file>rts6200.lib</file>
         <name>memory.obj</name>
      </input_file>
      <input_file id="fl-c4">
         <path>C:\ti\ccsv5\tools\compiler\c6000_7.4.4\lib\</path>
         <kind>archive</kind>
         <file>rts6200.lib</file>
         <name>fclose.obj</name>
      </input_file>
      <input_file id="fl-c5">
         <path>C:\ti\ccsv5\tools\compiler\c6000_7.4.4\lib\</path>
         <kind>archive</kind>
         <file>rts6200.lib</file>
         <name>remove.obj</name>
      </input_file>
      <input_file id="fl-c6">
         <path>Y:\COE4TL4\C6xCSL\lib_3x\</path>
         <kind>archive</kind>
         <file>csl6713.lib</file>
         <name>csl_irq.obj</name>
      </input_file>
      <input_file id="fl-c7">
         <path>Y:\COE4TL4\C6xCSL\lib_3x\</path>
         <kind>archive</kind>
         <file>csl6713.lib</file>
         <name>csl_mcbsp.obj</name>
      </input_file>
      <input_file id="fl-c8">
         <path>Y:\COE4TL4\C6xCSL\lib_3x\</path>
         <kind>archive</kind>
         <file>csl6713.lib</file>
         <name>csl_timer.obj</name>
      </input_file>
      <input_file id="fl-c9">
         <path>Y:\DSK6713\c6000\dsk6713\lib\</path>
         <kind>archive</kind>
         <file>dsk6713bsl.lib</file>
         <name>dsk6713.obj</name>
      </input_file>
      <input_file id="fl-ca">
         <path>Y:\DSK6713\c6000\dsk6713\lib\</path>
         <kind>archive</kind>
         <file>dsk6713bsl.lib</file>
         <name>dsk6713_aic23_opencodec.obj</name>
      </input_file>
      <input_file id="fl-cb">
         <path>Y:\DSK6713\c6000\dsk6713\lib\</path>
         <kind>archive</kind>
         <file>dsk6713bsl.lib</file>
         <name>dsk6713_aic23_registers.obj</name>
      </input_file>
      <input_file id="fl-cc">
         <path>Y:\DSK6713\c6000\dsk6713\lib\</path>
         <kind>archive</kind>
         <file>dsk6713bsl.lib</file>
         <name>dsk6713_aic23_setfreq.obj</name>
      </input_file>
      <input_file id="fl-cd">
         <path>Y:\DSK6713\c6000\dsk6713\lib\</path>
         <kind>archive</kind>
         <file>dsk6713bsl.lib</file>
         <name>dsk6713_led.obj</name>
      </input_file>
      <input_file id="fl-ce">
         <path>C:\ti\ccsv5\tools\compiler\c6000_7.4.4\lib\</path>
         <kind>archive</kind>
         <file>rts6200.lib</file>
         <name>strasg.obj</name>
      </input_file>
   </input_file_list>
   <object_component_list>
      <object_component id="oc-145">
         <name>.text</name>
         <load_address>0x0</load_address>
         <run_address>0x0</run_address>
         <size>0xea0</size>
         <input_file_ref idref="fl-3"/>
      </object_component>
      <object_component id="oc-15d">
         <name>.text:__divd</name>
         <load_address>0xea0</load_address>
         <run_address>0xea0</run_address>
         <size>0x740</size>
         <input_file_ref idref="fl-87"/>
      </object_component>
      <object_component id="oc-19a">
         <name>.text:__getarg_diouxp</name>
         <load_address>0x15e0</load_address>
         <run_address>0x15e0</run_address>
         <size>0x700</size>
         <input_file_ref idref="fl-9b"/>
      </object_component>
      <object_component id="oc-15e">
         <name>.text:_cos</name>
         <load_address>0x1ce0</load_address>
         <run_address>0x1ce0</run_address>
         <size>0x6e0</size>
         <input_file_ref idref="fl-84"/>
      </object_component>
      <object_component id="oc-160">
         <name>.text:_sin</name>
         <load_address>0x23c0</load_address>
         <run_address>0x23c0</run_address>
         <size>0x640</size>
         <input_file_ref idref="fl-95"/>
      </object_component>
      <object_component id="oc-188">
         <name>.text:__setfield</name>
         <load_address>0x2a00</load_address>
         <run_address>0x2a00</run_address>
         <size>0x5e0</size>
         <input_file_ref idref="fl-9b"/>
      </object_component>
      <object_component id="oc-17f">
         <name>.text:__printfi</name>
         <load_address>0x2fe0</load_address>
         <run_address>0x2fe0</run_address>
         <size>0x560</size>
         <input_file_ref idref="fl-9b"/>
      </object_component>
      <object_component id="oc-17c">
         <name>.text:_log</name>
         <load_address>0x3540</load_address>
         <run_address>0x3540</run_address>
         <size>0x540</size>
         <input_file_ref idref="fl-b3"/>
      </object_component>
      <object_component id="oc-1a4">
         <name>.text:_fcvt</name>
         <load_address>0x3a80</load_address>
         <run_address>0x3a80</run_address>
         <size>0x520</size>
         <input_file_ref idref="fl-9b"/>
      </object_component>
      <object_component id="oc-184">
         <name>.text:_fputs</name>
         <load_address>0x3fa0</load_address>
         <run_address>0x3fa0</run_address>
         <size>0x520</size>
         <input_file_ref idref="fl-a9"/>
      </object_component>
      <object_component id="oc-1a1">
         <name>.text:_ecvt</name>
         <load_address>0x44c0</load_address>
         <run_address>0x44c0</run_address>
         <size>0x4e0</size>
         <input_file_ref idref="fl-9b"/>
      </object_component>
      <object_component id="oc-18f">
         <name>.text:__pproc_fge</name>
         <load_address>0x49a0</load_address>
         <run_address>0x49a0</run_address>
         <size>0x4c0</size>
         <input_file_ref idref="fl-9b"/>
      </object_component>
      <object_component id="oc-11c">
         <name>.text</name>
         <load_address>0x4e60</load_address>
         <run_address>0x4e60</run_address>
         <size>0x480</size>
         <input_file_ref idref="fl-c9"/>
      </object_component>
      <object_component id="oc-140">
         <name>.text:__addf</name>
         <load_address>0x52e0</load_address>
         <run_address>0x52e0</run_address>
         <size>0x440</size>
         <input_file_ref idref="fl-81"/>
      </object_component>
      <object_component id="oc-199">
         <name>.text:__pconv_e</name>
         <load_address>0x5720</load_address>
         <run_address>0x5720</run_address>
         <size>0x440</size>
         <input_file_ref idref="fl-9b"/>
      </object_component>
      <object_component id="oc-142">
         <name>.text:_sqrt</name>
         <load_address>0x5b60</load_address>
         <run_address>0x5b60</run_address>
         <size>0x3c0</size>
         <input_file_ref idref="fl-96"/>
      </object_component>
      <object_component id="oc-1af">
         <name>.text:__divull</name>
         <load_address>0x5f20</load_address>
         <run_address>0x5f20</run_address>
         <size>0x3a0</size>
         <input_file_ref idref="fl-af"/>
      </object_component>
      <object_component id="oc-21">
         <name>.text:retain</name>
         <load_address>0x62c0</load_address>
         <run_address>0x62c0</run_address>
         <size>0x3a0</size>
         <input_file_ref idref="fl-3"/>
      </object_component>
      <object_component id="oc-187">
         <name>.text:__pproc_fwp</name>
         <load_address>0x6660</load_address>
         <run_address>0x6660</run_address>
         <size>0x380</size>
         <input_file_ref idref="fl-9b"/>
      </object_component>
      <object_component id="oc-19e">
         <name>.text:_free</name>
         <load_address>0x69e0</load_address>
         <run_address>0x69e0</run_address>
         <size>0x380</size>
         <input_file_ref idref="fl-c3"/>
      </object_component>
      <object_component id="oc-176">
         <name>.text:__frcaddd</name>
         <load_address>0x6d60</load_address>
         <run_address>0x6d60</run_address>
         <size>0x320</size>
         <input_file_ref idref="fl-aa"/>
      </object_component>
      <object_component id="oc-143">
         <name>.text:__mpyd</name>
         <load_address>0x7080</load_address>
         <run_address>0x7080</run_address>
         <size>0x320</size>
         <input_file_ref idref="fl-8e"/>
      </object_component>
      <object_component id="oc-158">
         <name>.text:__addd</name>
         <load_address>0x73a0</load_address>
         <run_address>0x73a0</run_address>
         <size>0x300</size>
         <input_file_ref idref="fl-9c"/>
      </object_component>
      <object_component id="oc-190">
         <name>.text:__pproc_diouxp</name>
         <load_address>0x76a0</load_address>
         <run_address>0x76a0</run_address>
         <size>0x300</size>
         <input_file_ref idref="fl-9b"/>
      </object_component>
      <object_component id="oc-159">
         <name>.text:_ldexp</name>
         <load_address>0x79a0</load_address>
         <run_address>0x79a0</run_address>
         <size>0x300</size>
         <input_file_ref idref="fl-b1"/>
      </object_component>
      <object_component id="oc-122">
         <name>.text</name>
         <load_address>0x7ca0</load_address>
         <run_address>0x7ca0</run_address>
         <size>0x300</size>
         <input_file_ref idref="fl-ca"/>
      </object_component>
      <object_component id="oc-189">
         <name>.text:__pproc_str</name>
         <load_address>0x7fa0</load_address>
         <run_address>0x7fa0</run_address>
         <size>0x2e0</size>
         <input_file_ref idref="fl-9b"/>
      </object_component>
      <object_component id="oc-185">
         <name>.text:_fputc</name>
         <load_address>0x8280</load_address>
         <run_address>0x8280</run_address>
         <size>0x2e0</size>
         <input_file_ref idref="fl-a8"/>
      </object_component>
      <object_component id="oc-193">
         <name>.text:_setvbuf</name>
         <load_address>0x8560</load_address>
         <run_address>0x8560</run_address>
         <size>0x2e0</size>
         <input_file_ref idref="fl-c1"/>
      </object_component>
      <object_component id="oc-157">
         <name>.text:_frexp</name>
         <load_address>0x8840</load_address>
         <run_address>0x8840</run_address>
         <size>0x280</size>
         <input_file_ref idref="fl-ad"/>
      </object_component>
      <object_component id="oc-1ae">
         <name>.text:__divul</name>
         <load_address>0x8ac0</load_address>
         <run_address>0x8ac0</run_address>
         <size>0x260</size>
         <input_file_ref idref="fl-ae"/>
      </object_component>
      <object_component id="oc-13f">
         <name>.text:__mpyf</name>
         <load_address>0x8d20</load_address>
         <run_address>0x8d20</run_address>
         <size>0x260</size>
         <input_file_ref idref="fl-8f"/>
      </object_component>
      <object_component id="oc-1a3">
         <name>.text:__mcpy</name>
         <load_address>0x8f80</load_address>
         <run_address>0x8f80</run_address>
         <size>0x240</size>
         <input_file_ref idref="fl-9b"/>
      </object_component>
      <object_component id="oc-19f">
         <name>.text:_malloc</name>
         <load_address>0x91c0</load_address>
         <run_address>0x91c0</run_address>
         <size>0x240</size>
         <input_file_ref idref="fl-c3"/>
      </object_component>
      <object_component id="oc-153">
         <name>.text:_memcpy</name>
         <load_address>0x9400</load_address>
         <run_address>0x9400</run_address>
         <size>0x240</size>
         <input_file_ref idref="fl-b7"/>
      </object_component>
      <object_component id="oc-14e">
         <name>.text:_HOSTrename</name>
         <load_address>0x9640</load_address>
         <run_address>0x9640</run_address>
         <size>0x220</size>
         <input_file_ref idref="fl-bb"/>
      </object_component>
      <object_component id="oc-197">
         <name>.text:__pconv_g</name>
         <load_address>0x9860</load_address>
         <run_address>0x9860</run_address>
         <size>0x200</size>
         <input_file_ref idref="fl-9b"/>
      </object_component>
      <object_component id="oc-175">
         <name>.text:_MCBSP_reset</name>
         <load_address>0x9a60</load_address>
         <run_address>0x9a60</run_address>
         <size>0x1a0</size>
         <input_file_ref idref="fl-c7"/>
      </object_component>
      <object_component id="oc-19">
         <name>.text:vectors</name>
         <load_address>0x9c00</load_address>
         <run_address>0x9c00</run_address>
         <size>0x200</size>
         <input_file_ref idref="fl-2"/>
      </object_component>
      <object_component id="oc-192">
         <name>.text:_fseek</name>
         <load_address>0x9e00</load_address>
         <run_address>0x9e00</run_address>
         <size>0x1e0</size>
         <input_file_ref idref="fl-c0"/>
      </object_component>
      <object_component id="oc-1b8">
         <name>.text:_getdevice</name>
         <load_address>0x9fe0</load_address>
         <run_address>0x9fe0</run_address>
         <size>0x1e0</size>
         <input_file_ref idref="fl-b4"/>
      </object_component>
      <object_component id="oc-134">
         <name>.text</name>
         <load_address>0xa1c0</load_address>
         <run_address>0xa1c0</run_address>
         <size>0x1e0</size>
         <input_file_ref idref="fl-cd"/>
      </object_component>
      <object_component id="oc-16e">
         <name>.text:_IRQ_map</name>
         <load_address>0xa3a0</load_address>
         <run_address>0xa3a0</run_address>
         <size>0x1c0</size>
         <input_file_ref idref="fl-c6"/>
      </object_component>
      <object_component id="oc-19c">
         <name>.text:__ltostr</name>
         <load_address>0xa560</load_address>
         <run_address>0xa560</run_address>
         <size>0x1c0</size>
         <input_file_ref idref="fl-9b"/>
      </object_component>
      <object_component id="oc-163">
         <name>.text:__nround</name>
         <load_address>0xa720</load_address>
         <run_address>0xa720</run_address>
         <size>0x1a0</size>
         <input_file_ref idref="fl-94"/>
      </object_component>
      <object_component id="oc-186">
         <name>.text:__pproc_fflags</name>
         <load_address>0xa8c0</load_address>
         <run_address>0xa8c0</run_address>
         <size>0x1a0</size>
         <input_file_ref idref="fl-9b"/>
      </object_component>
      <object_component id="oc-1a9">
         <name>.text:__closefile</name>
         <load_address>0xaa60</load_address>
         <run_address>0xaa60</run_address>
         <size>0x180</size>
         <input_file_ref idref="fl-c4"/>
      </object_component>
      <object_component id="oc-14c">
         <name>.text:_HOSTlseek</name>
         <load_address>0xabe0</load_address>
         <run_address>0xabe0</run_address>
         <size>0x160</size>
         <input_file_ref idref="fl-bb"/>
      </object_component>
      <object_component id="oc-178">
         <name>.text:__frcmpyd_div</name>
         <load_address>0xad40</load_address>
         <run_address>0xad40</run_address>
         <size>0x160</size>
         <input_file_ref idref="fl-8b"/>
      </object_component>
      <object_component id="oc-14a">
         <name>.text:_HOSTread</name>
         <load_address>0xaea0</load_address>
         <run_address>0xaea0</run_address>
         <size>0x140</size>
         <input_file_ref idref="fl-bb"/>
      </object_component>
      <object_component id="oc-168">
         <name>.text:_TIMER_open</name>
         <load_address>0xafe0</load_address>
         <run_address>0xafe0</run_address>
         <size>0x140</size>
         <input_file_ref idref="fl-c8"/>
      </object_component>
      <object_component id="oc-15b">
         <name>.text:__frcmpyd</name>
         <load_address>0xb120</load_address>
         <run_address>0xb120</run_address>
         <size>0x140</size>
         <input_file_ref idref="fl-ab"/>
      </object_component>
      <object_component id="oc-18e">
         <name>.text:_atoi</name>
         <load_address>0xb260</load_address>
         <run_address>0xb260</run_address>
         <size>0x140</size>
         <input_file_ref idref="fl-9e"/>
      </object_component>
      <object_component id="oc-1ab">
         <name>.text:_ltoa</name>
         <load_address>0xb3a0</load_address>
         <run_address>0xb3a0</run_address>
         <size>0x140</size>
         <input_file_ref idref="fl-b5"/>
      </object_component>
      <object_component id="oc-128">
         <name>.text</name>
         <load_address>0xb4e0</load_address>
         <run_address>0xb4e0</run_address>
         <size>0x140</size>
         <input_file_ref idref="fl-cb"/>
      </object_component>
      <object_component id="oc-148">
         <name>.text:_HOSTopen</name>
         <load_address>0xb620</load_address>
         <run_address>0xb620</run_address>
         <size>0x120</size>
         <input_file_ref idref="fl-bb"/>
      </object_component>
      <object_component id="oc-14b">
         <name>.text:_HOSTwrite</name>
         <load_address>0xb740</load_address>
         <run_address>0xb740</run_address>
         <size>0x120</size>
         <input_file_ref idref="fl-bb"/>
      </object_component>
      <object_component id="oc-180">
         <name>.text:_TIMER_reset</name>
         <load_address>0xb860</load_address>
         <run_address>0xb860</run_address>
         <size>0x120</size>
         <input_file_ref idref="fl-c8"/>
      </object_component>
      <object_component id="oc-18a">
         <name>.text:__wrt_ok</name>
         <load_address>0xb980</load_address>
         <run_address>0xb980</run_address>
         <size>0x120</size>
         <input_file_ref idref="fl-bd"/>
      </object_component>
      <object_component id="oc-1b0">
         <name>.text:_close</name>
         <load_address>0xbaa0</load_address>
         <run_address>0xbaa0</run_address>
         <size>0x120</size>
         <input_file_ref idref="fl-b4"/>
      </object_component>
      <object_component id="oc-18d">
         <name>.text:_memset</name>
         <load_address>0xbbc0</load_address>
         <run_address>0xbbc0</run_address>
         <size>0x120</size>
         <input_file_ref idref="fl-b8"/>
      </object_component>
      <object_component id="oc-164">
         <name>.text:_printf</name>
         <load_address>0xbce0</load_address>
         <run_address>0xbce0</run_address>
         <size>0x120</size>
         <input_file_ref idref="fl-93"/>
      </object_component>
      <object_component id="oc-149">
         <name>.text:_HOSTclose</name>
         <load_address>0xbe00</load_address>
         <run_address>0xbe00</run_address>
         <size>0x100</size>
         <input_file_ref idref="fl-bb"/>
      </object_component>
      <object_component id="oc-14d">
         <name>.text:_HOSTunlink</name>
         <load_address>0xbf00</load_address>
         <run_address>0xbf00</run_address>
         <size>0x100</size>
         <input_file_ref idref="fl-bb"/>
      </object_component>
      <object_component id="oc-150">
         <name>.text:_MCBSP_open</name>
         <load_address>0xc000</load_address>
         <run_address>0xc000</run_address>
         <size>0x100</size>
         <input_file_ref idref="fl-c7"/>
      </object_component>
      <object_component id="oc-151">
         <name>.text:_MCBSP_start</name>
         <load_address>0xc100</load_address>
         <run_address>0xc100</run_address>
         <size>0x100</size>
         <input_file_ref idref="fl-c7"/>
      </object_component>
      <object_component id="oc-13c">
         <name>.text:__auto_init</name>
         <load_address>0xc200</load_address>
         <run_address>0xc200</run_address>
         <size>0x100</size>
         <input_file_ref idref="fl-9f"/>
      </object_component>
      <object_component id="oc-144">
         <name>.text:__cmpd</name>
         <load_address>0xc300</load_address>
         <run_address>0xc300</run_address>
         <size>0x100</size>
         <input_file_ref idref="fl-83"/>
      </object_component>
      <object_component id="oc-1a6">
         <name>.text:__div</name>
         <load_address>0xc400</load_address>
         <run_address>0xc400</run_address>
         <size>0x100</size>
         <input_file_ref idref="fl-9b"/>
      </object_component>
      <object_component id="oc-1b3">
         <name>.text:__divli</name>
         <load_address>0xc500</load_address>
         <run_address>0xc500</run_address>
         <size>0x100</size>
         <input_file_ref idref="fl-ae"/>
      </object_component>
      <object_component id="oc-198">
         <name>.text:__pconv_f</name>
         <load_address>0xc600</load_address>
         <run_address>0xc600</run_address>
         <size>0x100</size>
         <input_file_ref idref="fl-9b"/>
      </object_component>
      <object_component id="oc-19d">
         <name>.text:_lseek</name>
         <load_address>0xc700</load_address>
         <run_address>0xc700</run_address>
         <size>0x100</size>
         <input_file_ref idref="fl-b4"/>
      </object_component>
      <object_component id="oc-18c">
         <name>.text:_write</name>
         <load_address>0xc800</load_address>
         <run_address>0xc800</run_address>
         <size>0x100</size>
         <input_file_ref idref="fl-b4"/>
      </object_component>
      <object_component id="oc-1a0">
         <name>.text:__cleanup</name>
         <load_address>0xc900</load_address>
         <run_address>0xc900</run_address>
         <size>0xe0</size>
         <input_file_ref idref="fl-c2"/>
      </object_component>
      <object_component id="oc-18b">
         <name>.text:__doflush</name>
         <load_address>0xc9e0</load_address>
         <run_address>0xc9e0</run_address>
         <size>0xe0</size>
         <input_file_ref idref="fl-bf"/>
      </object_component>
      <object_component id="oc-1a2">
         <name>.text:__ecpy</name>
         <load_address>0xcac0</load_address>
         <run_address>0xcac0</run_address>
         <size>0xe0</size>
         <input_file_ref idref="fl-9b"/>
      </object_component>
      <object_component id="oc-1a5">
         <name>.text:__fcpy</name>
         <load_address>0xcba0</load_address>
         <run_address>0xcba0</run_address>
         <size>0xe0</size>
         <input_file_ref idref="fl-9b"/>
      </object_component>
      <object_component id="oc-14f">
         <name>.text:__strasg</name>
         <load_address>0xcc80</load_address>
         <run_address>0xcc80</run_address>
         <size>0xe0</size>
         <input_file_ref idref="fl-ce"/>
      </object_component>
      <object_component id="oc-13e">
         <name>.text:_exit</name>
         <load_address>0xcd60</load_address>
         <run_address>0xcd60</run_address>
         <size>0xe0</size>
         <input_file_ref idref="fl-88"/>
      </object_component>
      <object_component id="oc-1a8">
         <name>.text:_minsert</name>
         <load_address>0xce40</load_address>
         <run_address>0xce40</run_address>
         <size>0xe0</size>
         <input_file_ref idref="fl-c3"/>
      </object_component>
      <object_component id="oc-17a">
         <name>.text:_modf</name>
         <load_address>0xcf20</load_address>
         <run_address>0xcf20</run_address>
         <size>0xe0</size>
         <input_file_ref idref="fl-8d"/>
      </object_component>
      <object_component id="oc-1a7">
         <name>.text:_mremove</name>
         <load_address>0xd000</load_address>
         <run_address>0xd000</run_address>
         <size>0xe0</size>
         <input_file_ref idref="fl-c3"/>
      </object_component>
      <object_component id="oc-15f">
         <name>.text:__cvtdf</name>
         <load_address>0xd0e0</load_address>
         <run_address>0xd0e0</run_address>
         <size>0xc0</size>
         <input_file_ref idref="fl-85"/>
      </object_component>
      <object_component id="oc-1ad">
         <name>.text:__divu</name>
         <load_address>0xd1a0</load_address>
         <run_address>0xd1a0</run_address>
         <size>0xc0</size>
         <input_file_ref idref="fl-a4"/>
      </object_component>
      <object_component id="oc-16a">
         <name>.text:__fixdi</name>
         <load_address>0xd260</load_address>
         <run_address>0xd260</run_address>
         <size>0xc0</size>
         <input_file_ref idref="fl-89"/>
      </object_component>
      <object_component id="oc-1b2">
         <name>.text:__remli</name>
         <load_address>0xd320</load_address>
         <run_address>0xd320</run_address>
         <size>0xc0</size>
         <input_file_ref idref="fl-ae"/>
      </object_component>
      <object_component id="oc-152">
         <name>.text:_copy_in</name>
         <load_address>0xd3e0</load_address>
         <run_address>0xd3e0</run_address>
         <size>0xc0</size>
         <input_file_ref idref="fl-a1"/>
      </object_component>
      <object_component id="oc-1b9">
         <name>.text:_finddevice</name>
         <load_address>0xd4a0</load_address>
         <run_address>0xd4a0</run_address>
         <size>0xc0</size>
         <input_file_ref idref="fl-b4"/>
      </object_component>
      <object_component id="oc-12e">
         <name>.text</name>
         <load_address>0xd560</load_address>
         <run_address>0xd560</run_address>
         <size>0xc0</size>
         <input_file_ref idref="fl-cc"/>
      </object_component>
      <object_component id="oc-1aa">
         <name>.text:__fixdli</name>
         <load_address>0xd620</load_address>
         <run_address>0xd620</run_address>
         <size>0xa0</size>
         <input_file_ref idref="fl-a6"/>
      </object_component>
      <object_component id="oc-1b4">
         <name>.text:__llshl</name>
         <load_address>0xd6c0</load_address>
         <run_address>0xd6c0</run_address>
         <size>0xa0</size>
         <input_file_ref idref="fl-b2"/>
      </object_component>
      <object_component id="oc-183">
         <name>.text:__mpyll</name>
         <load_address>0xd760</load_address>
         <run_address>0xd760</run_address>
         <size>0xa0</size>
         <input_file_ref idref="fl-90"/>
      </object_component>
      <object_component id="oc-182">
         <name>.text:__renormd</name>
         <load_address>0xd800</load_address>
         <run_address>0xd800</run_address>
         <size>0xa0</size>
         <input_file_ref idref="fl-ba"/>
      </object_component>
      <object_component id="oc-162">
         <name>.text:_log2</name>
         <load_address>0xd8a0</load_address>
         <run_address>0xd8a0</run_address>
         <size>0xa0</size>
         <input_file_ref idref="fl-8c"/>
      </object_component>
      <object_component id="oc-174">
         <name>.text:_readmsg</name>
         <load_address>0xd940</load_address>
         <run_address>0xd940</run_address>
         <size>0xa0</size>
         <input_file_ref idref="fl-bc"/>
      </object_component>
      <object_component id="oc-181">
         <name>.text:_setMux</name>
         <load_address>0xd9e0</load_address>
         <run_address>0xd9e0</run_address>
         <size>0xa0</size>
         <input_file_ref idref="fl-c6"/>
      </object_component>
      <object_component id="oc-1b7">
         <name>.text:_unlink</name>
         <load_address>0xda80</load_address>
         <run_address>0xda80</run_address>
         <size>0xa0</size>
         <input_file_ref idref="fl-b4"/>
      </object_component>
      <object_component id="oc-173">
         <name>.text:_writemsg</name>
         <load_address>0xdb20</load_address>
         <run_address>0xdb20</run_address>
         <size>0xa0</size>
         <input_file_ref idref="fl-bc"/>
      </object_component>
      <object_component id="oc-169">
         <name>.text:_TIMER_close</name>
         <load_address>0xdbc0</load_address>
         <run_address>0xdbc0</run_address>
         <size>0x80</size>
         <input_file_ref idref="fl-c8"/>
      </object_component>
      <object_component id="oc-154">
         <name>.text:___TI_cpp_init</name>
         <load_address>0xdc40</load_address>
         <run_address>0xdc40</run_address>
         <size>0x80</size>
         <input_file_ref idref="fl-a0"/>
      </object_component>
      <object_component id="oc-1ac">
         <name>.text:__fltlid</name>
         <load_address>0xdcc0</load_address>
         <run_address>0xdcc0</run_address>
         <size>0x80</size>
         <input_file_ref idref="fl-a7"/>
      </object_component>
      <object_component id="oc-1b6">
         <name>.text:__llshru</name>
         <load_address>0xdd40</load_address>
         <run_address>0xdd40</run_address>
         <size>0x80</size>
         <input_file_ref idref="fl-b2"/>
      </object_component>
      <object_component id="oc-17">
         <name>.text:_c_int00</name>
         <load_address>0xddc0</load_address>
         <run_address>0xddc0</run_address>
         <size>0x80</size>
         <input_file_ref idref="fl-82"/>
      </object_component>
      <object_component id="oc-191">
         <name>.text:_memccpy</name>
         <load_address>0xde40</load_address>
         <run_address>0xde40</run_address>
         <size>0x80</size>
         <input_file_ref idref="fl-b6"/>
      </object_component>
      <object_component id="oc-166">
         <name>.text:_TIMER_configArgs</name>
         <load_address>0xdec0</load_address>
         <run_address>0xdec0</run_address>
         <size>0x60</size>
         <input_file_ref idref="fl-c8"/>
      </object_component>
      <object_component id="oc-196">
         <name>.text:___isinf</name>
         <load_address>0xdf20</load_address>
         <run_address>0xdf20</run_address>
         <size>0x60</size>
         <input_file_ref idref="fl-b0"/>
      </object_component>
      <object_component id="oc-195">
         <name>.text:___isnan</name>
         <load_address>0xdf80</load_address>
         <run_address>0xdf80</run_address>
         <size>0x60</size>
         <input_file_ref idref="fl-9b"/>
      </object_component>
      <object_component id="oc-141">
         <name>.text:__cvtfd</name>
         <load_address>0xdfe0</load_address>
         <run_address>0xdfe0</run_address>
         <size>0x60</size>
         <input_file_ref idref="fl-86"/>
      </object_component>
      <object_component id="oc-15c">
         <name>.text:__fltid</name>
         <load_address>0xe040</load_address>
         <run_address>0xe040</run_address>
         <size>0x60</size>
         <input_file_ref idref="fl-8a"/>
      </object_component>
      <object_component id="oc-156">
         <name>.text:__frcmpyf</name>
         <load_address>0xe0a0</load_address>
         <run_address>0xe0a0</run_address>
         <size>0x60</size>
         <input_file_ref idref="fl-ac"/>
      </object_component>
      <object_component id="oc-1b5">
         <name>.text:__subcull</name>
         <load_address>0xe100</load_address>
         <run_address>0xe100</run_address>
         <size>0x60</size>
         <input_file_ref idref="fl-af"/>
      </object_component>
      <object_component id="oc-15a">
         <name>.text:__subd</name>
         <load_address>0xe160</load_address>
         <run_address>0xe160</run_address>
         <size>0x60</size>
         <input_file_ref idref="fl-97"/>
      </object_component>
      <object_component id="oc-172">
         <name>.text:_IRQ_enable</name>
         <load_address>0xe1c0</load_address>
         <run_address>0xe1c0</run_address>
         <size>0x40</size>
         <input_file_ref idref="fl-c6"/>
      </object_component>
      <object_component id="oc-16f">
         <name>.text:_IRQ_reset</name>
         <load_address>0xe200</load_address>
         <run_address>0xe200</run_address>
         <size>0x40</size>
         <input_file_ref idref="fl-c6"/>
      </object_component>
      <object_component id="oc-13d">
         <name>.text:__args_main</name>
         <load_address>0xe240</load_address>
         <run_address>0xe240</run_address>
         <size>0x40</size>
         <input_file_ref idref="fl-9d"/>
      </object_component>
      <object_component id="oc-17b">
         <name>.text:__negd</name>
         <load_address>0xe280</load_address>
         <run_address>0xe280</run_address>
         <size>0x40</size>
         <input_file_ref idref="fl-91"/>
      </object_component>
      <object_component id="oc-161">
         <name>.text:__negf</name>
         <load_address>0xe2c0</load_address>
         <run_address>0xe2c0</run_address>
         <size>0x40</size>
         <input_file_ref idref="fl-92"/>
      </object_component>
      <object_component id="oc-165">
         <name>.text:__subf</name>
         <load_address>0xe300</load_address>
         <run_address>0xe300</run_address>
         <size>0x40</size>
         <input_file_ref idref="fl-98"/>
      </object_component>
      <object_component id="oc-179">
         <name>.text:__trunc</name>
         <load_address>0xe340</load_address>
         <run_address>0xe340</run_address>
         <size>0x40</size>
         <input_file_ref idref="fl-99"/>
      </object_component>
      <object_component id="oc-18">
         <name>.text</name>
         <load_address>0xe380</load_address>
         <run_address>0xe380</run_address>
         <size>0x20</size>
         <input_file_ref idref="fl-2"/>
      </object_component>
      <object_component id="oc-16b">
         <name>.text:_IRQ_globalDisable</name>
         <load_address>0xe3a0</load_address>
         <run_address>0xe3a0</run_address>
         <size>0x20</size>
         <input_file_ref idref="fl-c6"/>
      </object_component>
      <object_component id="oc-170">
         <name>.text:_IRQ_globalEnable</name>
         <load_address>0xe3c0</load_address>
         <run_address>0xe3c0</run_address>
         <size>0x20</size>
         <input_file_ref idref="fl-c6"/>
      </object_component>
      <object_component id="oc-171">
         <name>.text:_IRQ_nmiEnable</name>
         <load_address>0xe3e0</load_address>
         <run_address>0xe3e0</run_address>
         <size>0x20</size>
         <input_file_ref idref="fl-c6"/>
      </object_component>
      <object_component id="oc-16d">
         <name>.text:_IRQ_setVecs</name>
         <load_address>0xe400</load_address>
         <run_address>0xe400</run_address>
         <size>0x20</size>
         <input_file_ref idref="fl-c6"/>
      </object_component>
      <object_component id="oc-16c">
         <name>.text:_MCBSP_getXmtEventId</name>
         <load_address>0xe420</load_address>
         <run_address>0xe420</run_address>
         <size>0x20</size>
         <input_file_ref idref="fl-c7"/>
      </object_component>
      <object_component id="oc-146">
         <name>.text:_MCBSP_write</name>
         <load_address>0xe440</load_address>
         <run_address>0xe440</run_address>
         <size>0x20</size>
         <input_file_ref idref="fl-c7"/>
      </object_component>
      <object_component id="oc-167">
         <name>.text:_TIMER_getCount</name>
         <load_address>0xe460</load_address>
         <run_address>0xe460</run_address>
         <size>0x20</size>
         <input_file_ref idref="fl-c8"/>
      </object_component>
      <object_component id="oc-19b">
         <name>.text:__negll</name>
         <load_address>0xe480</load_address>
         <run_address>0xe480</run_address>
         <size>0x20</size>
         <input_file_ref idref="fl-b9"/>
      </object_component>
      <object_component id="oc-147">
         <name>.text:__nop</name>
         <load_address>0xe4a0</load_address>
         <run_address>0xe4a0</run_address>
         <size>0x20</size>
         <input_file_ref idref="fl-9a"/>
      </object_component>
      <object_component id="oc-17e">
         <name>.text:__outc</name>
         <load_address>0xe4c0</load_address>
         <run_address>0xe4c0</run_address>
         <size>0x20</size>
         <input_file_ref idref="fl-93"/>
      </object_component>
      <object_component id="oc-17d">
         <name>.text:__outs</name>
         <load_address>0xe4e0</load_address>
         <run_address>0xe4e0</run_address>
         <size>0x20</size>
         <input_file_ref idref="fl-93"/>
      </object_component>
      <object_component id="oc-155">
         <name>.text:_abort</name>
         <load_address>0xe500</load_address>
         <run_address>0xe500</run_address>
         <size>0x20</size>
         <input_file_ref idref="fl-88"/>
      </object_component>
      <object_component id="oc-1b1">
         <name>.text:_remove</name>
         <load_address>0xe520</load_address>
         <run_address>0xe520</run_address>
         <size>0x20</size>
         <input_file_ref idref="fl-c5"/>
      </object_component>
      <object_component id="oc-10c">
         <name>.text</name>
         <load_address>0xe540</load_address>
         <run_address>0xe540</run_address>
         <size>0x20</size>
         <input_file_ref idref="fl-c6"/>
      </object_component>
      <object_component id="oc-2a">
         <name>.stack</name>
         <uninitialized>true</uninitialized>
         <run_address>0x22a70</run_address>
         <size>0x8</size>
         <input_file_ref idref="fl-82"/>
      </object_component>
      <object_component id="oc-1d8">
         <name>.stack</name>
         <uninitialized>true</uninitialized>
         <run_address>0x22a70</run_address>
         <size>0x0</size>
      </object_component>
      <object_component id="oc-e9">
         <name>.cio</name>
         <uninitialized>true</uninitialized>
         <run_address>0x2347c</run_address>
         <size>0x120</size>
         <input_file_ref idref="fl-bc"/>
      </object_component>
      <object_component id="oc-194">
         <name>.const:.string:__ctypes_</name>
         <load_address>0x23270</load_address>
         <run_address>0x23270</run_address>
         <size>0x101</size>
         <input_file_ref idref="fl-a2"/>
      </object_component>
      <object_component id="oc-aa">
         <name>.const:.string</name>
         <load_address>0x23371</load_address>
         <run_address>0x23371</run_address>
         <size>0x2</size>
         <input_file_ref idref="fl-a9"/>
      </object_component>
      <object_component id="oc-22">
         <name>.const:.string</name>
         <load_address>0x23374</load_address>
         <run_address>0x23374</run_address>
         <size>0x4c</size>
         <input_file_ref idref="fl-3"/>
      </object_component>
      <object_component id="oc-124">
         <name>.const</name>
         <load_address>0x233c0</load_address>
         <run_address>0x233c0</run_address>
         <size>0x40</size>
         <input_file_ref idref="fl-ca"/>
      </object_component>
      <object_component id="oc-1f">
         <name>.const</name>
         <load_address>0x23400</load_address>
         <run_address>0x23400</run_address>
         <size>0x30</size>
         <input_file_ref idref="fl-3"/>
      </object_component>
      <object_component id="oc-7e">
         <name>.const:.string</name>
         <load_address>0x23430</load_address>
         <run_address>0x23430</run_address>
         <size>0x23</size>
         <input_file_ref idref="fl-9b"/>
      </object_component>
      <object_component id="oc-11e">
         <name>.const</name>
         <load_address>0x23454</load_address>
         <run_address>0x23454</run_address>
         <size>0x20</size>
         <input_file_ref idref="fl-c9"/>
      </object_component>
      <object_component id="oc-177">
         <name>.const:.string:_initial_approx$1</name>
         <load_address>0x23474</load_address>
         <run_address>0x23474</run_address>
         <size>0x8</size>
         <input_file_ref idref="fl-87"/>
      </object_component>
      <object_component id="oc-103">
         <name>.sysmem</name>
         <uninitialized>true</uninitialized>
         <run_address>0x22e70</run_address>
         <size>0x8</size>
         <input_file_ref idref="fl-c3"/>
      </object_component>
      <object_component id="oc-1d9">
         <name>.sysmem</name>
         <uninitialized>true</uninitialized>
         <run_address>0x22e70</run_address>
         <size>0x0</size>
      </object_component>
      <object_component id="oc-20">
         <name>.far</name>
         <uninitialized>true</uninitialized>
         <run_address>0xe560</run_address>
         <size>0xacd8</size>
         <input_file_ref idref="fl-3"/>
      </object_component>
      <object_component id="oc-32">
         <name>.far</name>
         <uninitialized>true</uninitialized>
         <run_address>0x19770</run_address>
         <size>0x40</size>
         <input_file_ref idref="fl-84"/>
      </object_component>
      <object_component id="oc-40">
         <name>.far</name>
         <uninitialized>true</uninitialized>
         <run_address>0x198c4</run_address>
         <size>0xc</size>
         <input_file_ref idref="fl-88"/>
      </object_component>
      <object_component id="oc-69">
         <name>.far</name>
         <uninitialized>true</uninitialized>
         <run_address>0x197b0</run_address>
         <size>0x40</size>
         <input_file_ref idref="fl-95"/>
      </object_component>
      <object_component id="oc-7a">
         <name>.far</name>
         <uninitialized>true</uninitialized>
         <run_address>0x198d8</run_address>
         <size>0x8</size>
         <input_file_ref idref="fl-9a"/>
      </object_component>
      <object_component id="oc-97">
         <name>.far</name>
         <uninitialized>true</uninitialized>
         <run_address>0x19238</run_address>
         <size>0x324</size>
         <input_file_ref idref="fl-a3"/>
      </object_component>
      <object_component id="oc-9e">
         <name>.far</name>
         <uninitialized>true</uninitialized>
         <run_address>0x1976c</run_address>
         <size>0x4</size>
         <input_file_ref idref="fl-a5"/>
      </object_component>
      <object_component id="oc-ca">
         <name>.far</name>
         <uninitialized>true</uninitialized>
         <run_address>0x19828</run_address>
         <size>0x30</size>
         <input_file_ref idref="fl-b3"/>
      </object_component>
      <object_component id="oc-cf">
         <name>.far</name>
         <uninitialized>true</uninitialized>
         <run_address>0x1955c</run_address>
         <size>0x11c</size>
         <input_file_ref idref="fl-b4"/>
      </object_component>
      <object_component id="oc-e5">
         <name>.far</name>
         <uninitialized>true</uninitialized>
         <run_address>0x198e8</run_address>
         <size>0x8</size>
         <input_file_ref idref="fl-bb"/>
      </object_component>
      <object_component id="oc-fd">
         <name>.far</name>
         <uninitialized>true</uninitialized>
         <run_address>0x198f0</run_address>
         <size>0x4</size>
         <input_file_ref idref="fl-c2"/>
      </object_component>
      <object_component id="oc-102">
         <name>.far</name>
         <uninitialized>true</uninitialized>
         <run_address>0x198e0</run_address>
         <size>0x8</size>
         <input_file_ref idref="fl-c3"/>
      </object_component>
      <object_component id="oc-10e">
         <name>.far</name>
         <uninitialized>true</uninitialized>
         <run_address>0x19678</run_address>
         <size>0xf4</size>
         <input_file_ref idref="fl-c6"/>
      </object_component>
      <object_component id="oc-113">
         <name>.far</name>
         <uninitialized>true</uninitialized>
         <run_address>0x197f0</run_address>
         <size>0x38</size>
         <input_file_ref idref="fl-c7"/>
      </object_component>
      <object_component id="oc-118">
         <name>.far</name>
         <uninitialized>true</uninitialized>
         <run_address>0x19880</run_address>
         <size>0x24</size>
         <input_file_ref idref="fl-c8"/>
      </object_component>
      <object_component id="oc-11d">
         <name>.far</name>
         <uninitialized>true</uninitialized>
         <run_address>0x198f4</run_address>
         <size>0x2</size>
         <input_file_ref idref="fl-c9"/>
      </object_component>
      <object_component id="oc-123">
         <name>.far</name>
         <uninitialized>true</uninitialized>
         <run_address>0x198d0</run_address>
         <size>0x8</size>
         <input_file_ref idref="fl-ca"/>
      </object_component>
      <object_component id="oc-12a">
         <name>.far</name>
         <uninitialized>true</uninitialized>
         <run_address>0x19858</run_address>
         <size>0x28</size>
         <input_file_ref idref="fl-cb"/>
      </object_component>
      <object_component id="oc-130">
         <name>.far</name>
         <uninitialized>true</uninitialized>
         <run_address>0x198a4</run_address>
         <size>0x20</size>
         <input_file_ref idref="fl-cc"/>
      </object_component>
      <object_component id="oc-135">
         <name>.far</name>
         <uninitialized>true</uninitialized>
         <run_address>0x198f6</run_address>
         <size>0x2</size>
         <input_file_ref idref="fl-cd"/>
      </object_component>
      <object_component id="oc-1e">
         <name>.cinit</name>
         <load_address>0x198f8</load_address>
         <run_address>0x198f8</run_address>
         <size>0x8d10</size>
         <input_file_ref idref="fl-3"/>
      </object_component>
      <object_component id="oc-10d">
         <name>.cinit</name>
         <load_address>0x22608</load_address>
         <run_address>0x22608</run_address>
         <size>0x12c</size>
         <input_file_ref idref="fl-c6"/>
      </object_component>
      <object_component id="oc-96">
         <name>.cinit</name>
         <load_address>0x22738</load_address>
         <run_address>0x22738</run_address>
         <size>0x5c</size>
         <input_file_ref idref="fl-a3"/>
      </object_component>
      <object_component id="oc-ce">
         <name>.cinit</name>
         <load_address>0x22798</load_address>
         <run_address>0x22798</run_address>
         <size>0x5c</size>
         <input_file_ref idref="fl-b4"/>
      </object_component>
      <object_component id="oc-112">
         <name>.cinit</name>
         <load_address>0x227f8</load_address>
         <run_address>0x227f8</run_address>
         <size>0x54</size>
         <input_file_ref idref="fl-c7"/>
      </object_component>
      <object_component id="oc-117">
         <name>.cinit</name>
         <load_address>0x22850</load_address>
         <run_address>0x22850</run_address>
         <size>0x4c</size>
         <input_file_ref idref="fl-c8"/>
      </object_component>
      <object_component id="oc-31">
         <name>.cinit</name>
         <load_address>0x228a0</load_address>
         <run_address>0x228a0</run_address>
         <size>0x48</size>
         <input_file_ref idref="fl-84"/>
      </object_component>
      <object_component id="oc-68">
         <name>.cinit</name>
         <load_address>0x228e8</load_address>
         <run_address>0x228e8</run_address>
         <size>0x48</size>
         <input_file_ref idref="fl-95"/>
      </object_component>
      <object_component id="oc-c9">
         <name>.cinit</name>
         <load_address>0x22930</load_address>
         <run_address>0x22930</run_address>
         <size>0x40</size>
         <input_file_ref idref="fl-b3"/>
      </object_component>
      <object_component id="oc-129">
         <name>.cinit</name>
         <load_address>0x22970</load_address>
         <run_address>0x22970</run_address>
         <size>0x30</size>
         <input_file_ref idref="fl-cb"/>
      </object_component>
      <object_component id="oc-3f">
         <name>.cinit</name>
         <load_address>0x229a0</load_address>
         <run_address>0x229a0</run_address>
         <size>0x2c</size>
         <input_file_ref idref="fl-88"/>
      </object_component>
      <object_component id="oc-101">
         <name>.cinit</name>
         <load_address>0x229d0</load_address>
         <run_address>0x229d0</run_address>
         <size>0x2c</size>
         <input_file_ref idref="fl-c3"/>
      </object_component>
      <object_component id="oc-12f">
         <name>.cinit</name>
         <load_address>0x22a00</load_address>
         <run_address>0x22a00</run_address>
         <size>0x28</size>
         <input_file_ref idref="fl-cc"/>
      </object_component>
      <object_component id="oc-79">
         <name>.cinit</name>
         <load_address>0x22a28</load_address>
         <run_address>0x22a28</run_address>
         <size>0x1c</size>
         <input_file_ref idref="fl-9a"/>
      </object_component>
      <object_component id="oc-9d">
         <name>.cinit</name>
         <load_address>0x22a48</load_address>
         <run_address>0x22a48</run_address>
         <size>0xc</size>
         <input_file_ref idref="fl-a5"/>
      </object_component>
      <object_component id="oc-fc">
         <name>.cinit</name>
         <load_address>0x22a58</load_address>
         <run_address>0x22a58</run_address>
         <size>0xc</size>
         <input_file_ref idref="fl-c2"/>
      </object_component>
      <object_component id="oc-1a">
         <name>.debug_info</name>
         <load_address>0x0</load_address>
         <run_address>0x0</run_address>
         <size>0xfa</size>
         <input_file_ref idref="fl-2"/>
      </object_component>
      <object_component id="oc-1d">
         <name>.debug_info</name>
         <load_address>0xfa</load_address>
         <run_address>0xfa</run_address>
         <size>0x2032</size>
         <input_file_ref idref="fl-3"/>
      </object_component>
      <object_component id="oc-26">
         <name>.debug_info</name>
         <load_address>0x212c</load_address>
         <run_address>0x212c</run_address>
         <size>0x6b1</size>
         <input_file_ref idref="fl-81"/>
      </object_component>
      <object_component id="oc-29">
         <name>.debug_info</name>
         <load_address>0x27dd</load_address>
         <run_address>0x27dd</run_address>
         <size>0x6f5</size>
         <input_file_ref idref="fl-82"/>
      </object_component>
      <object_component id="oc-2d">
         <name>.debug_info</name>
         <load_address>0x2ed2</load_address>
         <run_address>0x2ed2</run_address>
         <size>0x68f</size>
         <input_file_ref idref="fl-83"/>
      </object_component>
      <object_component id="oc-30">
         <name>.debug_info</name>
         <load_address>0x3561</load_address>
         <run_address>0x3561</run_address>
         <size>0x8b1</size>
         <input_file_ref idref="fl-84"/>
      </object_component>
      <object_component id="oc-35">
         <name>.debug_info</name>
         <load_address>0x3e12</load_address>
         <run_address>0x3e12</run_address>
         <size>0x68e</size>
         <input_file_ref idref="fl-85"/>
      </object_component>
      <object_component id="oc-38">
         <name>.debug_info</name>
         <load_address>0x44a0</load_address>
         <run_address>0x44a0</run_address>
         <size>0x688</size>
         <input_file_ref idref="fl-86"/>
      </object_component>
      <object_component id="oc-3b">
         <name>.debug_info</name>
         <load_address>0x4b28</load_address>
         <run_address>0x4b28</run_address>
         <size>0x993</size>
         <input_file_ref idref="fl-87"/>
      </object_component>
      <object_component id="oc-3e">
         <name>.debug_info</name>
         <load_address>0x54bb</load_address>
         <run_address>0x54bb</run_address>
         <size>0x7cf</size>
         <input_file_ref idref="fl-88"/>
      </object_component>
      <object_component id="oc-43">
         <name>.debug_info</name>
         <load_address>0x5c8a</load_address>
         <run_address>0x5c8a</run_address>
         <size>0x67e</size>
         <input_file_ref idref="fl-89"/>
      </object_component>
      <object_component id="oc-46">
         <name>.debug_info</name>
         <load_address>0x6308</load_address>
         <run_address>0x6308</run_address>
         <size>0x691</size>
         <input_file_ref idref="fl-8a"/>
      </object_component>
      <object_component id="oc-49">
         <name>.debug_info</name>
         <load_address>0x6999</load_address>
         <run_address>0x6999</run_address>
         <size>0x68e</size>
         <input_file_ref idref="fl-8b"/>
      </object_component>
      <object_component id="oc-4c">
         <name>.debug_info</name>
         <load_address>0x7027</load_address>
         <run_address>0x7027</run_address>
         <size>0x646</size>
         <input_file_ref idref="fl-8c"/>
      </object_component>
      <object_component id="oc-4f">
         <name>.debug_info</name>
         <load_address>0x766d</load_address>
         <run_address>0x766d</run_address>
         <size>0x671</size>
         <input_file_ref idref="fl-8d"/>
      </object_component>
      <object_component id="oc-52">
         <name>.debug_info</name>
         <load_address>0x7cde</load_address>
         <run_address>0x7cde</run_address>
         <size>0x6c9</size>
         <input_file_ref idref="fl-8e"/>
      </object_component>
      <object_component id="oc-55">
         <name>.debug_info</name>
         <load_address>0x83a7</load_address>
         <run_address>0x83a7</run_address>
         <size>0x69c</size>
         <input_file_ref idref="fl-8f"/>
      </object_component>
      <object_component id="oc-58">
         <name>.debug_info</name>
         <load_address>0x8a43</load_address>
         <run_address>0x8a43</run_address>
         <size>0x6a1</size>
         <input_file_ref idref="fl-90"/>
      </object_component>
      <object_component id="oc-5b">
         <name>.debug_info</name>
         <load_address>0x90e4</load_address>
         <run_address>0x90e4</run_address>
         <size>0x607</size>
         <input_file_ref idref="fl-91"/>
      </object_component>
      <object_component id="oc-5e">
         <name>.debug_info</name>
         <load_address>0x96eb</load_address>
         <run_address>0x96eb</run_address>
         <size>0x607</size>
         <input_file_ref idref="fl-92"/>
      </object_component>
      <object_component id="oc-61">
         <name>.debug_info</name>
         <load_address>0x9cf2</load_address>
         <run_address>0x9cf2</run_address>
         <size>0x8ec</size>
         <input_file_ref idref="fl-93"/>
      </object_component>
      <object_component id="oc-64">
         <name>.debug_info</name>
         <load_address>0xa5de</load_address>
         <run_address>0xa5de</run_address>
         <size>0x690</size>
         <input_file_ref idref="fl-94"/>
      </object_component>
      <object_component id="oc-67">
         <name>.debug_info</name>
         <load_address>0xac6e</load_address>
         <run_address>0xac6e</run_address>
         <size>0x88a</size>
         <input_file_ref idref="fl-95"/>
      </object_component>
      <object_component id="oc-6c">
         <name>.debug_info</name>
         <load_address>0xb4f8</load_address>
         <run_address>0xb4f8</run_address>
         <size>0x9ae</size>
         <input_file_ref idref="fl-96"/>
      </object_component>
      <object_component id="oc-6f">
         <name>.debug_info</name>
         <load_address>0xbea6</load_address>
         <run_address>0xbea6</run_address>
         <size>0x62e</size>
         <input_file_ref idref="fl-97"/>
      </object_component>
      <object_component id="oc-72">
         <name>.debug_info</name>
         <load_address>0xc4d4</load_address>
         <run_address>0xc4d4</run_address>
         <size>0x62e</size>
         <input_file_ref idref="fl-98"/>
      </object_component>
      <object_component id="oc-75">
         <name>.debug_info</name>
         <load_address>0xcb02</load_address>
         <run_address>0xcb02</run_address>
         <size>0x63b</size>
         <input_file_ref idref="fl-99"/>
      </object_component>
      <object_component id="oc-78">
         <name>.debug_info</name>
         <load_address>0xd13d</load_address>
         <run_address>0xd13d</run_address>
         <size>0x636</size>
         <input_file_ref idref="fl-9a"/>
      </object_component>
      <object_component id="oc-7d">
         <name>.debug_info</name>
         <load_address>0xd773</load_address>
         <run_address>0xd773</run_address>
         <size>0x2923</size>
         <input_file_ref idref="fl-9b"/>
      </object_component>
      <object_component id="oc-81">
         <name>.debug_info</name>
         <load_address>0x10096</load_address>
         <run_address>0x10096</run_address>
         <size>0x6e0</size>
         <input_file_ref idref="fl-9c"/>
      </object_component>
      <object_component id="oc-84">
         <name>.debug_info</name>
         <load_address>0x10776</load_address>
         <run_address>0x10776</run_address>
         <size>0x6cb</size>
         <input_file_ref idref="fl-9d"/>
      </object_component>
      <object_component id="oc-87">
         <name>.debug_info</name>
         <load_address>0x10e41</load_address>
         <run_address>0x10e41</run_address>
         <size>0x6d8</size>
         <input_file_ref idref="fl-9e"/>
      </object_component>
      <object_component id="oc-8a">
         <name>.debug_info</name>
         <load_address>0x11519</load_address>
         <run_address>0x11519</run_address>
         <size>0x841</size>
         <input_file_ref idref="fl-9f"/>
      </object_component>
      <object_component id="oc-8d">
         <name>.debug_info</name>
         <load_address>0x11d5a</load_address>
         <run_address>0x11d5a</run_address>
         <size>0x6b9</size>
         <input_file_ref idref="fl-a0"/>
      </object_component>
      <object_component id="oc-90">
         <name>.debug_info</name>
         <load_address>0x12413</load_address>
         <run_address>0x12413</run_address>
         <size>0x7af</size>
         <input_file_ref idref="fl-a1"/>
      </object_component>
      <object_component id="oc-93">
         <name>.debug_info</name>
         <load_address>0x12bc2</load_address>
         <run_address>0x12bc2</run_address>
         <size>0x5e4</size>
         <input_file_ref idref="fl-a2"/>
      </object_component>
      <object_component id="oc-95">
         <name>.debug_info</name>
         <load_address>0x131a6</load_address>
         <run_address>0x131a6</run_address>
         <size>0x6d1</size>
         <input_file_ref idref="fl-a3"/>
      </object_component>
      <object_component id="oc-99">
         <name>.debug_info</name>
         <load_address>0x13877</load_address>
         <run_address>0x13877</run_address>
         <size>0xbc</size>
         <input_file_ref idref="fl-a4"/>
      </object_component>
      <object_component id="oc-9c">
         <name>.debug_info</name>
         <load_address>0x13933</load_address>
         <run_address>0x13933</run_address>
         <size>0x5cc</size>
         <input_file_ref idref="fl-a5"/>
      </object_component>
      <object_component id="oc-a0">
         <name>.debug_info</name>
         <load_address>0x13eff</load_address>
         <run_address>0x13eff</run_address>
         <size>0x67b</size>
         <input_file_ref idref="fl-a6"/>
      </object_component>
      <object_component id="oc-a3">
         <name>.debug_info</name>
         <load_address>0x1457a</load_address>
         <run_address>0x1457a</run_address>
         <size>0x694</size>
         <input_file_ref idref="fl-a7"/>
      </object_component>
      <object_component id="oc-a6">
         <name>.debug_info</name>
         <load_address>0x14c0e</load_address>
         <run_address>0x14c0e</run_address>
         <size>0x814</size>
         <input_file_ref idref="fl-a8"/>
      </object_component>
      <object_component id="oc-a9">
         <name>.debug_info</name>
         <load_address>0x15422</load_address>
         <run_address>0x15422</run_address>
         <size>0xab3</size>
         <input_file_ref idref="fl-a9"/>
      </object_component>
      <object_component id="oc-ad">
         <name>.debug_info</name>
         <load_address>0x15ed5</load_address>
         <run_address>0x15ed5</run_address>
         <size>0x6e0</size>
         <input_file_ref idref="fl-aa"/>
      </object_component>
      <object_component id="oc-b0">
         <name>.debug_info</name>
         <load_address>0x165b5</load_address>
         <run_address>0x165b5</run_address>
         <size>0x71c</size>
         <input_file_ref idref="fl-ab"/>
      </object_component>
      <object_component id="oc-b3">
         <name>.debug_info</name>
         <load_address>0x16cd1</load_address>
         <run_address>0x16cd1</run_address>
         <size>0x685</size>
         <input_file_ref idref="fl-ac"/>
      </object_component>
      <object_component id="oc-b6">
         <name>.debug_info</name>
         <load_address>0x17356</load_address>
         <run_address>0x17356</run_address>
         <size>0x6b9</size>
         <input_file_ref idref="fl-ad"/>
      </object_component>
      <object_component id="oc-b9">
         <name>.debug_info</name>
         <load_address>0x17a0f</load_address>
         <run_address>0x17a0f</run_address>
         <size>0x78d</size>
         <input_file_ref idref="fl-ae"/>
      </object_component>
      <object_component id="oc-bc">
         <name>.debug_info</name>
         <load_address>0x1819c</load_address>
         <run_address>0x1819c</run_address>
         <size>0x788</size>
         <input_file_ref idref="fl-af"/>
      </object_component>
      <object_component id="oc-bf">
         <name>.debug_info</name>
         <load_address>0x18924</load_address>
         <run_address>0x18924</run_address>
         <size>0x800</size>
         <input_file_ref idref="fl-b0"/>
      </object_component>
      <object_component id="oc-c2">
         <name>.debug_info</name>
         <load_address>0x19124</load_address>
         <run_address>0x19124</run_address>
         <size>0x6c8</size>
         <input_file_ref idref="fl-b1"/>
      </object_component>
      <object_component id="oc-c5">
         <name>.debug_info</name>
         <load_address>0x197ec</load_address>
         <run_address>0x197ec</run_address>
         <size>0x6eb</size>
         <input_file_ref idref="fl-b2"/>
      </object_component>
      <object_component id="oc-c8">
         <name>.debug_info</name>
         <load_address>0x19ed7</load_address>
         <run_address>0x19ed7</run_address>
         <size>0x86c</size>
         <input_file_ref idref="fl-b3"/>
      </object_component>
      <object_component id="oc-cd">
         <name>.debug_info</name>
         <load_address>0x1a743</load_address>
         <run_address>0x1a743</run_address>
         <size>0xe73</size>
         <input_file_ref idref="fl-b4"/>
      </object_component>
      <object_component id="oc-d2">
         <name>.debug_info</name>
         <load_address>0x1b5b6</load_address>
         <run_address>0x1b5b6</run_address>
         <size>0x718</size>
         <input_file_ref idref="fl-b5"/>
      </object_component>
      <object_component id="oc-d5">
         <name>.debug_info</name>
[...]
         <object_component_ref idref="oc-13f"/>
      </symbol>
      <symbol id="sm-1cf">
         <name>__mpyll</name>
         <value>0xd760</value>
         <object_component_ref idref="oc-183"/>
      </symbol>
      <symbol id="sm-1d9">
         <name>__negd</name>
         <value>0xe280</value>
         <object_component_ref idref="oc-17b"/>
      </symbol>
      <symbol id="sm-1e3">
         <name>__negf</name>
         <value>0xe2c0</value>
         <object_component_ref idref="oc-161"/>
      </symbol>
      <symbol id="sm-1f1">
         <name>_printf</name>
         <value>0xbce0</value>
         <object_component_ref idref="oc-164"/>
      </symbol>
      <symbol id="sm-1fb">
         <name>__nround</name>
         <value>0xa720</value>
         <object_component_ref idref="oc-163"/>
      </symbol>
      <symbol id="sm-209">
         <name>_sin</name>
         <value>0x23c0</value>
         <object_component_ref idref="oc-160"/>
      </symbol>
      <symbol id="sm-213">
         <name>_sqrt</name>
         <value>0x5b60</value>
         <object_component_ref idref="oc-142"/>
      </symbol>
      <symbol id="sm-21d">
         <name>__subd</name>
         <value>0xe160</value>
         <object_component_ref idref="oc-15a"/>
      </symbol>
      <symbol id="sm-227">
         <name>__subf</name>
         <value>0xe300</value>
         <object_component_ref idref="oc-165"/>
      </symbol>
      <symbol id="sm-231">
         <name>__trunc</name>
         <value>0xe340</value>
         <object_component_ref idref="oc-179"/>
      </symbol>
      <symbol id="sm-23f">
         <name>__unlock</name>
         <value>0x198dc</value>
         <object_component_ref idref="oc-7a"/>
      </symbol>
      <symbol id="sm-240">
         <name>__lock</name>
         <value>0x198d8</value>
         <object_component_ref idref="oc-7a"/>
      </symbol>
      <symbol id="sm-241">
         <name>__nop</name>
         <value>0xe4a0</value>
         <object_component_ref idref="oc-147"/>
      </symbol>
      <symbol id="sm-271">
         <name>__printfi</name>
         <value>0x2fe0</value>
         <object_component_ref idref="oc-17f"/>
      </symbol>
      <symbol id="sm-27b">
         <name>__addd</name>
         <value>0x73a0</value>
         <object_component_ref idref="oc-158"/>
      </symbol>
      <symbol id="sm-285">
         <name>__args_main</name>
         <value>0xe240</value>
         <object_component_ref idref="oc-13d"/>
      </symbol>
      <symbol id="sm-286">
         <name>__TI_args_main</name>
         <value>0x1</value>
      </symbol>
      <symbol id="sm-290">
         <name>_atoi</name>
         <value>0xb260</value>
         <object_component_ref idref="oc-18e"/>
      </symbol>
      <symbol id="sm-29a">
         <name>__auto_init</name>
         <value>0xc200</value>
         <object_component_ref idref="oc-13c"/>
      </symbol>
      <symbol id="sm-2a4">
         <name>___TI_cpp_init</name>
         <value>0xdc40</value>
         <object_component_ref idref="oc-154"/>
      </symbol>
      <symbol id="sm-2ae">
         <name>_copy_in</name>
         <value>0xd3e0</value>
         <object_component_ref idref="oc-152"/>
      </symbol>
      <symbol id="sm-2b6">
         <name>__ctypes_</name>
         <value>0x23270</value>
         <object_component_ref idref="oc-194"/>
      </symbol>
      <symbol id="sm-2c0">
         <name>__tmpnams</name>
         <value>0x19418</value>
         <object_component_ref idref="oc-97"/>
      </symbol>
      <symbol id="sm-2c1">
         <name>__ft_end</name>
         <value>0x19558</value>
         <object_component_ref idref="oc-97"/>
      </symbol>
      <symbol id="sm-2c2">
         <name>__ftable</name>
         <value>0x19238</value>
         <object_component_ref idref="oc-97"/>
      </symbol>
      <symbol id="sm-2ca">
         <name>__c6xabi_divu</name>
         <value>0xd1a0</value>
         <object_component_ref idref="oc-1ad"/>
      </symbol>
      <symbol id="sm-2cb">
         <name>__divu</name>
         <value>0xd1a0</value>
         <object_component_ref idref="oc-1ad"/>
      </symbol>
      <symbol id="sm-2d5">
         <name>_errno</name>
         <value>0x1976c</value>
         <object_component_ref idref="oc-9e"/>
      </symbol>
      <symbol id="sm-2df">
         <name>__fixdli</name>
         <value>0xd620</value>
         <object_component_ref idref="oc-1aa"/>
      </symbol>
      <symbol id="sm-2e9">
         <name>__fltlid</name>
         <value>0xdcc0</value>
         <object_component_ref idref="oc-1ac"/>
      </symbol>
      <symbol id="sm-2f3">
         <name>_putc</name>
         <value>0x8280</value>
         <object_component_ref idref="oc-185"/>
      </symbol>
      <symbol id="sm-2f4">
         <name>_fputc</name>
         <value>0x8280</value>
         <object_component_ref idref="oc-185"/>
      </symbol>
      <symbol id="sm-300">
         <name>_fputs</name>
         <value>0x3fa0</value>
         <object_component_ref idref="oc-184"/>
      </symbol>
      <symbol id="sm-30a">
         <name>__frcaddd</name>
         <value>0x6d60</value>
         <object_component_ref idref="oc-176"/>
      </symbol>
      <symbol id="sm-314">
         <name>__frcmpyd</name>
         <value>0xb120</value>
         <object_component_ref idref="oc-15b"/>
      </symbol>
      <symbol id="sm-31e">
         <name>__frcmpyf</name>
         <value>0xe0a0</value>
         <object_component_ref idref="oc-156"/>
      </symbol>
      <symbol id="sm-328">
         <name>_frexp</name>
         <value>0x8840</value>
         <object_component_ref idref="oc-157"/>
      </symbol>
      <symbol id="sm-336">
         <name>__divul</name>
         <value>0x8ac0</value>
         <object_component_ref idref="oc-1ae"/>
      </symbol>
      <symbol id="sm-337">
         <name>__remli</name>
         <value>0xd320</value>
         <object_component_ref idref="oc-1b2"/>
      </symbol>
      <symbol id="sm-338">
         <name>__divli</name>
         <value>0xc500</value>
         <object_component_ref idref="oc-1b3"/>
      </symbol>
      <symbol id="sm-344">
         <name>__subcull</name>
         <value>0xe100</value>
         <object_component_ref idref="oc-1b5"/>
      </symbol>
      <symbol id="sm-345">
         <name>__divull</name>
         <value>0x5f20</value>
         <object_component_ref idref="oc-1af"/>
      </symbol>
      <symbol id="sm-34f">
         <name>___isinf</name>
         <value>0xdf20</value>
         <object_component_ref idref="oc-196"/>
      </symbol>
      <symbol id="sm-359">
         <name>_ldexp</name>
         <value>0x79a0</value>
         <object_component_ref idref="oc-159"/>
      </symbol>
      <symbol id="sm-365">
         <name>__llshl</name>
         <value>0xd6c0</value>
         <object_component_ref idref="oc-1b4"/>
      </symbol>
      <symbol id="sm-366">
         <name>__llshru</name>
         <value>0xdd40</value>
         <object_component_ref idref="oc-1b6"/>
      </symbol>
      <symbol id="sm-374">
         <name>_log</name>
         <value>0x3540</value>
         <object_component_ref idref="oc-17c"/>
      </symbol>
      <symbol id="sm-38c">
         <name>_unlink</name>
         <value>0xda80</value>
         <object_component_ref idref="oc-1b7"/>
      </symbol>
      <symbol id="sm-38d">
         <name>_lseek</name>
         <value>0xc700</value>
         <object_component_ref idref="oc-19d"/>
      </symbol>
      <symbol id="sm-38e">
         <name>_close</name>
         <value>0xbaa0</value>
         <object_component_ref idref="oc-1b0"/>
      </symbol>
      <symbol id="sm-38f">
         <name>_write</name>
         <value>0xc800</value>
         <object_component_ref idref="oc-18c"/>
      </symbol>
      <symbol id="sm-399">
         <name>_ltoa</name>
         <value>0xb3a0</value>
         <object_component_ref idref="oc-1ab"/>
      </symbol>
      <symbol id="sm-3a3">
         <name>_memccpy</name>
         <value>0xde40</value>
         <object_component_ref idref="oc-191"/>
      </symbol>
      <symbol id="sm-3ad">
         <name>_memcpy</name>
         <value>0x9400</value>
         <object_component_ref idref="oc-153"/>
      </symbol>
      <symbol id="sm-3b7">
         <name>_memset</name>
         <value>0xbbc0</value>
         <object_component_ref idref="oc-18d"/>
      </symbol>
      <symbol id="sm-3c1">
         <name>__negll</name>
         <value>0xe480</value>
         <object_component_ref idref="oc-19b"/>
      </symbol>
      <symbol id="sm-3cb">
         <name>__renormd</name>
         <value>0xd800</value>
         <object_component_ref idref="oc-182"/>
      </symbol>
      <symbol id="sm-3e3">
         <name>_HOSTopen</name>
         <value>0xb620</value>
         <object_component_ref idref="oc-148"/>
      </symbol>
      <symbol id="sm-3e4">
         <name>_HOSTread</name>
         <value>0xaea0</value>
         <object_component_ref idref="oc-14a"/>
      </symbol>
      <symbol id="sm-3e5">
         <name>_HOSTrename</name>
         <value>0x9640</value>
         <object_component_ref idref="oc-14e"/>
      </symbol>
      <symbol id="sm-3e6">
         <name>_HOSTwrite</name>
         <value>0xb740</value>
         <object_component_ref idref="oc-14b"/>
      </symbol>
      <symbol id="sm-3e7">
         <name>_HOSTlseek</name>
         <value>0xabe0</value>
         <object_component_ref idref="oc-14c"/>
      </symbol>
      <symbol id="sm-3e8">
         <name>_HOSTunlink</name>
         <value>0xbf00</value>
         <object_component_ref idref="oc-14d"/>
      </symbol>
      <symbol id="sm-3e9">
         <name>_HOSTclose</name>
         <value>0xbe00</value>
         <object_component_ref idref="oc-149"/>
      </symbol>
      <symbol id="sm-3f7">
         <name>C$$IO$$</name>
         <value>0xdb98</value>
         <object_component_ref idref="oc-173"/>
      </symbol>
      <symbol id="sm-3f8">
         <name>__CIOBUF_</name>
         <value>0x2347c</value>
         <object_component_ref idref="oc-e9"/>
      </symbol>
      <symbol id="sm-3f9">
         <name>_readmsg</name>
         <value>0xd940</value>
         <object_component_ref idref="oc-174"/>
      </symbol>
      <symbol id="sm-3fa">
         <name>_writemsg</name>
         <value>0xdb20</value>
         <object_component_ref idref="oc-173"/>
      </symbol>
      <symbol id="sm-404">
         <name>__wrt_ok</name>
         <value>0xb980</value>
         <object_component_ref idref="oc-18a"/>
      </symbol>
      <symbol id="sm-415">
         <name>__doflush</name>
         <value>0xc9e0</value>
         <object_component_ref idref="oc-18b"/>
      </symbol>
      <symbol id="sm-41f">
         <name>_fseek</name>
         <value>0x9e00</value>
         <object_component_ref idref="oc-192"/>
      </symbol>
      <symbol id="sm-429">
         <name>_setvbuf</name>
         <value>0x8560</value>
         <object_component_ref idref="oc-193"/>
      </symbol>
      <symbol id="sm-437">
         <name>__cleanup</name>
         <value>0xc900</value>
         <object_component_ref idref="oc-1a0"/>
      </symbol>
      <symbol id="sm-44d">
         <name>__sys_memory</name>
         <value>0x22e70</value>
         <object_component_ref idref="oc-103"/>
      </symbol>
      <symbol id="sm-44e">
         <name>_free</name>
         <value>0x69e0</value>
         <object_component_ref idref="oc-19e"/>
      </symbol>
      <symbol id="sm-44f">
         <name>_malloc</name>
         <value>0x91c0</value>
         <object_component_ref idref="oc-19f"/>
      </symbol>
      <symbol id="sm-459">
         <name>__closefile</name>
         <value>0xaa60</value>
         <object_component_ref idref="oc-1a9"/>
      </symbol>
      <symbol id="sm-463">
         <name>_remove</name>
         <value>0xe520</value>
         <object_component_ref idref="oc-1b1"/>
      </symbol>
      <symbol id="sm-481">
         <name>_IRQ_setVecs</name>
         <value>0xe400</value>
         <object_component_ref idref="oc-16d"/>
      </symbol>
      <symbol id="sm-482">
         <name>__IRQ_eventTable</name>
         <value>0x196a0</value>
         <object_component_ref idref="oc-10e"/>
      </symbol>
      <symbol id="sm-483">
         <name>_IRQ_nmiEnable</name>
         <value>0xe3e0</value>
         <object_component_ref idref="oc-171"/>
      </symbol>
      <symbol id="sm-484">
         <name>_IRQ_reset</name>
         <value>0xe200</value>
         <object_component_ref idref="oc-16f"/>
      </symbol>
      <symbol id="sm-485">
         <name>__IRQ_intTable</name>
         <value>0x19724</value>
         <object_component_ref idref="oc-10e"/>
      </symbol>
      <symbol id="sm-486">
         <name>_IRQ_globalEnable</name>
         <value>0xe3c0</value>
         <object_component_ref idref="oc-170"/>
      </symbol>
      <symbol id="sm-487">
         <name>_IRQ_globalDisable</name>
         <value>0xe3a0</value>
         <object_component_ref idref="oc-16b"/>
      </symbol>
      <symbol id="sm-488">
         <name>_IRQ_map</name>
         <value>0xa3a0</value>
         <object_component_ref idref="oc-16e"/>
      </symbol>
      <symbol id="sm-489">
         <name>_IRQ_enable</name>
         <value>0xe1c0</value>
         <object_component_ref idref="oc-172"/>
      </symbol>
      <symbol id="sm-48a">
         <name>__IRQ_dispatchTable</name>
         <value>0x19764</value>
         <object_component_ref idref="oc-10e"/>
      </symbol>
      <symbol id="sm-48b">
         <name>__IRQ_hookFetchPacket</name>
         <value>0xe540</value>
         <object_component_ref idref="oc-10c"/>
      </symbol>
      <symbol id="sm-4a1">
         <name>_MCBSP_reset</name>
         <value>0x9a60</value>
         <object_component_ref idref="oc-175"/>
      </symbol>
      <symbol id="sm-4a2">
         <name>_MCBSP_getXmtEventId</name>
         <value>0xe420</value>
         <object_component_ref idref="oc-16c"/>
      </symbol>
      <symbol id="sm-4a3">
         <name>_MCBSP_open</name>
         <value>0xc000</value>
         <object_component_ref idref="oc-150"/>
      </symbol>
      <symbol id="sm-4a4">
         <name>__MCBSP_hDev0</name>
         <value>0x19820</value>
         <object_component_ref idref="oc-113"/>
      </symbol>
      <symbol id="sm-4a5">
         <name>__MCBSP_hDev1</name>
         <value>0x19824</value>
         <object_component_ref idref="oc-113"/>
      </symbol>
      <symbol id="sm-4a6">
         <name>_MCBSP_start</name>
         <value>0xc100</value>
         <object_component_ref idref="oc-151"/>
      </symbol>
      <symbol id="sm-4a7">
         <name>_MCBSP_write</name>
         <value>0xe440</value>
         <object_component_ref idref="oc-146"/>
      </symbol>
      <symbol id="sm-4bd">
         <name>_TIMER_reset</name>
         <value>0xb860</value>
         <object_component_ref idref="oc-180"/>
      </symbol>
      <symbol id="sm-4be">
         <name>_TIMER_configArgs</name>
         <value>0xdec0</value>
         <object_component_ref idref="oc-166"/>
      </symbol>
      <symbol id="sm-4bf">
         <name>_TIMER_close</name>
         <value>0xdbc0</value>
         <object_component_ref idref="oc-169"/>
      </symbol>
      <symbol id="sm-4c0">
         <name>_TIMER_open</name>
         <value>0xafe0</value>
         <object_component_ref idref="oc-168"/>
      </symbol>
      <symbol id="sm-4c1">
         <name>__TIMER_hDev0</name>
         <value>0x19898</value>
         <object_component_ref idref="oc-118"/>
      </symbol>
      <symbol id="sm-4c2">
         <name>__TIMER_hDev1</name>
         <value>0x1989c</value>
         <object_component_ref idref="oc-118"/>
      </symbol>
      <symbol id="sm-4c3">
         <name>__TIMER_hBios</name>
         <value>0x198a0</value>
         <object_component_ref idref="oc-118"/>
      </symbol>
      <symbol id="sm-4c4">
         <name>_TIMER_getCount</name>
         <value>0xe460</value>
         <object_component_ref idref="oc-167"/>
      </symbol>
      <symbol id="sm-4c5">
         <name>__TIMER_deviceTable</name>
         <value>0x19880</value>
         <object_component_ref idref="oc-118"/>
      </symbol>
      <symbol id="sm-4d3">
         <name>_DSK6713_init</name>
         <value>0x4eac</value>
         <object_component_ref idref="oc-11c"/>
      </symbol>
      <symbol id="sm-4d4">
         <name>_DSK6713_version</name>
         <value>0x198f4</value>
         <object_component_ref idref="oc-11d"/>
      </symbol>
      <symbol id="sm-4d5">
         <name>_DSK6713_rget</name>
         <value>0x51c8</value>
         <object_component_ref idref="oc-11c"/>
      </symbol>
      <symbol id="sm-4d6">
         <name>_DSK6713_wait</name>
         <value>0x51f0</value>
         <object_component_ref idref="oc-11c"/>
      </symbol>
      <symbol id="sm-4d7">
         <name>_DSK6713_rset</name>
         <value>0x51dc</value>
         <object_component_ref idref="oc-11c"/>
      </symbol>
      <symbol id="sm-4d8">
         <name>_DSK6713_waitusec</name>
         <value>0x5248</value>
         <object_component_ref idref="oc-11c"/>
      </symbol>
      <symbol id="sm-4d9">
         <name>_DSK6713_getVersion</name>
         <value>0x5274</value>
         <object_component_ref idref="oc-11c"/>
      </symbol>
      <symbol id="sm-4e7">
         <name>_DSK6713_AIC23_codeccontrolhandle</name>
         <value>0x198d0</value>
         <object_component_ref idref="oc-123"/>
      </symbol>
      <symbol id="sm-4e8">
         <name>_DSK6713_AIC23_codecdatahandle</name>
         <value>0x198d4</value>
         <object_component_ref idref="oc-123"/>
      </symbol>
      <symbol id="sm-4e9">
         <name>_DSK6713_AIC23_openCodec</name>
         <value>0x7ca0</value>
         <object_component_ref idref="oc-122"/>
      </symbol>
      <symbol id="sm-4f7">
         <name>_DSK6713_AIC23_config</name>
         <value>0xb5a0</value>
         <object_component_ref idref="oc-128"/>
      </symbol>
      <symbol id="sm-4f8">
         <name>_DSK6713_AIC23_rget</name>
         <value>0xb578</value>
         <object_component_ref idref="oc-128"/>
      </symbol>
      <symbol id="sm-4f9">
         <name>_DSK6713_AIC23_rset</name>
         <value>0xb4e0</value>
         <object_component_ref idref="oc-128"/>
      </symbol>
      <symbol id="sm-507">
         <name>_DSK6713_AIC23_setFreq</name>
         <value>0xd560</value>
         <object_component_ref idref="oc-12e"/>
      </symbol>
      <symbol id="sm-513">
         <name>_DSK6713_LED_init</name>
         <value>0xa1c0</value>
         <object_component_ref idref="oc-134"/>
      </symbol>
      <symbol id="sm-514">
         <name>_DSK6713_LED_on</name>
         <value>0xa270</value>
         <object_component_ref idref="oc-134"/>
      </symbol>
      <symbol id="sm-515">
         <name>_DSK6713_LED_toggle</name>
         <value>0xa2e0</value>
         <object_component_ref idref="oc-134"/>
      </symbol>
      <symbol id="sm-516">
         <name>_DSK6713_LED_off</name>
         <value>0xa200</value>
         <object_component_ref idref="oc-134"/>
      </symbol>
      <symbol id="sm-51e">
         <name>__strasg</name>
         <value>0xcc80</value>
         <object_component_ref idref="oc-14f"/>
      </symbol>
   </symbol_table>
</link_info>
