******************************************************************************
               TMS320C6x Linker PC v7.4.4                      
******************************************************************************
>> Linked Tue Nov 19 16:44:30 2024

OUTPUT FILE NAME:   <RadarProcessor.out>
ENTRY POINT SYMBOL: "_c_int00"  address: 0000ddc0


MEMORY CONFIGURATION

         name            origin    length      used     unused   attr    fill
----------------------  --------  ---------  --------  --------  ----  --------
  IRAM                  00000000   00030000  00023598  0000ca68  RWIX
  L2RAM                 00030000   00010000  00000000  00010000  RWIX
  EMIFCE0               80000000   10000000  00000000  10000000  RWIX
  EMIFCE1               90000000   10000000  00000000  10000000  RWIX
  EMIFCE2               a0000000   10000000  00000000  10000000  RWIX
  EMIFCE3               b0000000   10000000  00000000  10000000  RWIX


SECTION ALLOCATION MAP

 output                                  attributes/
section   page    origin      length       input sections
--------  ----  ----------  ----------   ----------------
.text      0    00000000    0000e560     
                  00000000    00000ea0     RadarProcessor_lab4.obj (.text)
                  00000ea0    00000740     rts6200.lib : divd.obj (.text:__divd)
                  000015e0    00000700                 : _printfi.obj (.text:__getarg_diouxp)
                  00001ce0    000006e0                 : cos.obj (.text:_cos)
                  000023c0    00000640                 : sin.obj (.text:_sin)
                  00002a00    000005e0                 : _printfi.obj (.text:__setfield)
                  00002fe0    00000560                 : _printfi.obj (.text:__printfi)
                  00003540    00000540                 : log.obj (.text:_log)
                  00003a80    00000520                 : _printfi.obj (.text:_fcvt)
                  00003fa0    00000520                 : fputs.obj (.text:_fputs)
                  000044c0    000004e0                 : _printfi.obj (.text:_ecvt)
                  000049a0    000004c0                 : _printfi.obj (.text:__pproc_fge)
                  00004e60    00000480     dsk6713bsl.lib : dsk6713.obj (.text)
                  000052e0    00000440     rts6200.lib : addf.obj (.text:__addf)
                  00005720    00000440                 : _printfi.obj (.text:__pconv_e)
                  00005b60    000003c0                 : sqrt.obj (.text:_sqrt)
                  00005f20    000003a0                 : imath64.obj (.text:__divull)
                  000062c0    000003a0     RadarProcessor_lab4.obj (.text:retain)
                  00006660    00000380     rts6200.lib : _printfi.obj (.text:__pproc_fwp)
                  000069e0    00000380                 : memory.obj (.text:_free)
                  00006d60    00000320                 : frcaddd.obj (.text:__frcaddd)
                  00007080    00000320                 : mpyd.obj (.text:__mpyd)
                  000073a0    00000300                 : addd.obj (.text:__addd)
                  000076a0    00000300                 : _printfi.obj (.text:__pproc_diouxp)
                  000079a0    00000300                 : ldexp.obj (.text:_ldexp)
                  00007ca0    00000300     dsk6713bsl.lib : dsk6713_aic23_opencodec.obj (.text)
                  00007fa0    000002e0     rts6200.lib : _printfi.obj (.text:__pproc_str)
                  00008280    000002e0                 : fputc.obj (.text:_fputc)
                  00008560    000002e0                 : setvbuf.obj (.text:_setvbuf)
                  00008840    00000280                 : frexp.obj (.text:_frexp)
                  00008ac0    00000260                 : imath40.obj (.text:__divul)
                  00008d20    00000260                 : mpyf.obj (.text:__mpyf)
                  00008f80    00000240                 : _printfi.obj (.text:__mcpy)
                  000091c0    00000240                 : memory.obj (.text:_malloc)
                  00009400    00000240                 : memcpy62.obj (.text:_memcpy)
                  00009640    00000220                 : trgdrv.obj (.text:_HOSTrename)
                  00009860    00000200                 : _printfi.obj (.text:__pconv_g)
                  00009a60    000001a0     csl6713.lib : csl_mcbsp.obj (.text:_MCBSP_reset)
                  00009c00    00000200     Vectors_intr.obj (.text:vectors)
                  00009e00    000001e0     rts6200.lib : fseek.obj (.text:_fseek)
                  00009fe0    000001e0                 : lowlev.obj (.text:_getdevice)
                  0000a1c0    000001e0     dsk6713bsl.lib : dsk6713_led.obj (.text)
                  0000a3a0    000001c0     csl6713.lib : csl_irq.obj (.text:_IRQ_map)
                  0000a560    000001c0     rts6200.lib : _printfi.obj (.text:__ltostr)
                  0000a720    000001a0                 : round.obj (.text:__nround)
                  0000a8c0    000001a0                 : _printfi.obj (.text:__pproc_fflags)
                  0000aa60    00000180                 : fclose.obj (.text:__closefile)
                  0000abe0    00000160                 : trgdrv.obj (.text:_HOSTlseek)
                  0000ad40    00000160                 : frcmpyd_div.obj (.text:__frcmpyd_div)
                  0000aea0    00000140                 : trgdrv.obj (.text:_HOSTread)
                  0000afe0    00000140     csl6713.lib : csl_timer.obj (.text:_TIMER_open)
                  0000b120    00000140     rts6200.lib : frcmpyd.obj (.text:__frcmpyd)
                  0000b260    00000140                 : atoi.obj (.text:_atoi)
                  0000b3a0    00000140                 : ltoa.obj (.text:_ltoa)
                  0000b4e0    00000140     dsk6713bsl.lib : dsk6713_aic23_registers.obj (.text)
                  0000b620    00000120     rts6200.lib : trgdrv.obj (.text:_HOSTopen)
                  0000b740    00000120                 : trgdrv.obj (.text:_HOSTwrite)
                  0000b860    00000120     csl6713.lib : csl_timer.obj (.text:_TIMER_reset)
                  0000b980    00000120     rts6200.lib : _io_perm.obj (.text:__wrt_ok)
                  0000baa0    00000120                 : lowlev.obj (.text:_close)
                  0000bbc0    00000120                 : memset.obj (.text:_memset)
                  0000bce0    00000120                 : printf.obj (.text:_printf)
                  0000be00    00000100                 : trgdrv.obj (.text:_HOSTclose)
                  0000bf00    00000100                 : trgdrv.obj (.text:_HOSTunlink)
                  0000c000    00000100     csl6713.lib : csl_mcbsp.obj (.text:_MCBSP_open)
                  0000c100    00000100                 : csl_mcbsp.obj (.text:_MCBSP_start)
                  0000c200    00000100     rts6200.lib : autoinit.obj (.text:__auto_init)
                  0000c300    00000100                 : cmpd.obj (.text:__cmpd)
                  0000c400    00000100                 : _printfi.obj (.text:__div)
                  0000c500    00000100                 : imath40.obj (.text:__divli)
                  0000c600    00000100                 : _printfi.obj (.text:__pconv_f)
                  0000c700    00000100                 : lowlev.obj (.text:_lseek)
                  0000c800    00000100                 : lowlev.obj (.text:_write)
                  0000c900    000000e0                 : fopen.obj (.text:__cleanup)
                  0000c9e0    000000e0                 : fflush.obj (.text:__doflush)
                  0000cac0    000000e0                 : _printfi.obj (.text:__ecpy)
                  0000cba0    000000e0                 : _printfi.obj (.text:__fcpy)
                  0000cc80    000000e0                 : strasg.obj (.text:__strasg)
                  0000cd60    000000e0                 : exit.obj (.text:_exit)
                  0000ce40    000000e0                 : memory.obj (.text:_minsert)
                  0000cf20    000000e0                 : modf.obj (.text:_modf)
                  0000d000    000000e0                 : memory.obj (.text:_mremove)
                  0000d0e0    000000c0                 : cvtdf.obj (.text:__cvtdf)
                  0000d1a0    000000c0                 : divu.obj (.text:__divu)
                  0000d260    000000c0                 : fixdi.obj (.text:__fixdi)
                  0000d320    000000c0                 : imath40.obj (.text:__remli)
                  0000d3e0    000000c0                 : cpy_tbl.obj (.text:_copy_in)
                  0000d4a0    000000c0                 : lowlev.obj (.text:_finddevice)
                  0000d560    000000c0     dsk6713bsl.lib : dsk6713_aic23_setfreq.obj (.text)
                  0000d620    000000a0     rts6200.lib : fixdli.obj (.text:__fixdli)
                  0000d6c0    000000a0                 : llshift.obj (.text:__llshl)
                  0000d760    000000a0                 : mpyll.obj (.text:__mpyll)
                  0000d800    000000a0                 : renormd.obj (.text:__renormd)
                  0000d8a0    000000a0                 : log2.obj (.text:_log2)
                  0000d940    000000a0                 : trgmsg.obj (.text:_readmsg)
                  0000d9e0    000000a0     csl6713.lib : csl_irq.obj (.text:_setMux)
                  0000da80    000000a0     rts6200.lib : lowlev.obj (.text:_unlink)
                  0000db20    000000a0                 : trgmsg.obj (.text:_writemsg)
                  0000dbc0    00000080     csl6713.lib : csl_timer.obj (.text:_TIMER_close)
                  0000dc40    00000080     rts6200.lib : cpp_init.obj (.text:___TI_cpp_init)
                  0000dcc0    00000080                 : fltlid.obj (.text:__fltlid)
                  0000dd40    00000080                 : llshift.obj (.text:__llshru)
                  0000ddc0    00000080                 : boot.obj (.text:_c_int00)
                  0000de40    00000080                 : memccpy.obj (.text:_memccpy)
                  0000dec0    00000060     csl6713.lib : csl_timer.obj (.text:_TIMER_configArgs)
                  0000df20    00000060     rts6200.lib : isinf.obj (.text:___isinf)
                  0000df80    00000060                 : _printfi.obj (.text:___isnan)
                  0000dfe0    00000060                 : cvtfd.obj (.text:__cvtfd)
                  0000e040    00000060                 : fltid.obj (.text:__fltid)
                  0000e0a0    00000060                 : frcmpyf.obj (.text:__frcmpyf)
                  0000e100    00000060                 : imath64.obj (.text:__subcull)
                  0000e160    00000060                 : subd.obj (.text:__subd)
                  0000e1c0    00000040     csl6713.lib : csl_irq.obj (.text:_IRQ_enable)
                  0000e200    00000040                 : csl_irq.obj (.text:_IRQ_reset)
                  0000e240    00000040     rts6200.lib : args_main.obj (.text:__args_main)
                  0000e280    00000040                 : negd.obj (.text:__negd)
                  0000e2c0    00000040                 : negf.obj (.text:__negf)
                  0000e300    00000040                 : subf.obj (.text:__subf)
                  0000e340    00000040                 : trunc.obj (.text:__trunc)
                  0000e380    00000020     Vectors_intr.obj (.text)
                  0000e3a0    00000020     csl6713.lib : csl_irq.obj (.text:_IRQ_globalDisable)
                  0000e3c0    00000020                 : csl_irq.obj (.text:_IRQ_globalEnable)
                  0000e3e0    00000020                 : csl_irq.obj (.text:_IRQ_nmiEnable)
                  0000e400    00000020                 : csl_irq.obj (.text:_IRQ_setVecs)
                  0000e420    00000020                 : csl_mcbsp.obj (.text:_MCBSP_getXmtEventId)
                  0000e440    00000020                 : csl_mcbsp.obj (.text:_MCBSP_write)
                  0000e460    00000020                 : csl_timer.obj (.text:_TIMER_getCount)
                  0000e480    00000020     rts6200.lib : negll.obj (.text:__negll)
                  0000e4a0    00000020                 : _lock.obj (.text:__nop)
                  0000e4c0    00000020                 : printf.obj (.text:__outc)
                  0000e4e0    00000020                 : printf.obj (.text:__outs)
                  0000e500    00000020                 : exit.obj (.text:_abort)
                  0000e520    00000020                 : remove.obj (.text:_remove)
                  0000e540    00000020     csl6713.lib : csl_irq.obj (.text)

.bss       0    00000000    00000000     UNINITIALIZED

.data      0    00000000    00000000     UNINITIALIZED

.pinit     0    00000000    00000000     UNINITIALIZED

.far       0    0000e560    0000b398     UNINITIALIZED
                  0000e560    0000acd8     RadarProcessor_lab4.obj (.far)
                  00019238    00000324     rts6200.lib : defs.obj (.far)
                  0001955c    0000011c                 : lowlev.obj (.far)
                  00019678    000000f4     csl6713.lib : csl_irq.obj (.far)
                  0001976c    00000004     rts6200.lib : errno.obj (.far)
                  00019770    00000040                 : cos.obj (.far)
                  000197b0    00000040                 : sin.obj (.far)
                  000197f0    00000038     csl6713.lib : csl_mcbsp.obj (.far)
                  00019828    00000030     rts6200.lib : log.obj (.far)
                  00019858    00000028     dsk6713bsl.lib : dsk6713_aic23_registers.obj (.far)
                  00019880    00000024     csl6713.lib : csl_timer.obj (.far)
                  000198a4    00000020     dsk6713bsl.lib : dsk6713_aic23_setfreq.obj (.far)
                  000198c4    0000000c     rts6200.lib : exit.obj (.far)
                  000198d0    00000008     dsk6713bsl.lib : dsk6713_aic23_opencodec.obj (.far)
                  000198d8    00000008     rts6200.lib : _lock.obj (.far)
                  000198e0    00000008                 : memory.obj (.far)
                  000198e8    00000008                 : trgdrv.obj (.far)
                  000198f0    00000004                 : fopen.obj (.far)
                  000198f4    00000002     dsk6713bsl.lib : dsk6713.obj (.far)
                  000198f6    00000002                    : dsk6713_led.obj (.far)

.cinit     0    000198f8    00009174     
                  000198f8    00008d10     RadarProcessor_lab4.obj (.cinit)
                  00022608    0000012c     csl6713.lib : csl_irq.obj (.cinit)
                  00022734    00000004     --HOLE-- [fill = 0]
                  00022738    0000005c     rts6200.lib : defs.obj (.cinit)
                  00022794    00000004     --HOLE-- [fill = 0]
                  00022798    0000005c                 : lowlev.obj (.cinit)
                  000227f4    00000004     --HOLE-- [fill = 0]
                  000227f8    00000054     csl6713.lib : csl_mcbsp.obj (.cinit)
                  0002284c    00000004     --HOLE-- [fill = 0]
                  00022850    0000004c                 : csl_timer.obj (.cinit)
                  0002289c    00000004     --HOLE-- [fill = 0]
                  000228a0    00000048     rts6200.lib : cos.obj (.cinit)
                  000228e8    00000048                 : sin.obj (.cinit)
                  00022930    00000040                 : log.obj (.cinit)
                  00022970    00000030     dsk6713bsl.lib : dsk6713_aic23_registers.obj (.cinit)
                  000229a0    0000002c     rts6200.lib : exit.obj (.cinit)
                  000229cc    00000004     --HOLE-- [fill = 0]
                  000229d0    0000002c                 : memory.obj (.cinit)
                  000229fc    00000004     --HOLE-- [fill = 0]
                  00022a00    00000028     dsk6713bsl.lib : dsk6713_aic23_setfreq.obj (.cinit)
                  00022a28    0000001c     rts6200.lib : _lock.obj (.cinit)
                  00022a44    00000004     --HOLE-- [fill = 0]
                  00022a48    0000000c                 : errno.obj (.cinit)
                  00022a54    00000004     --HOLE-- [fill = 0]
                  00022a58    0000000c                 : fopen.obj (.cinit)
                  00022a64    00000004     --HOLE-- [fill = 0]
                  00022a68    00000004     (.pad.cinit) [fill = 0]

.stack     0    00022a70    00000400     UNINITIALIZED
                  00022a70    00000008     rts6200.lib : boot.obj (.stack)
                  00022a78    000003f8     --HOLE--

.sysmem    0    00022e70    00000400     UNINITIALIZED
                  00022e70    00000008     rts6200.lib : memory.obj (.sysmem)
                  00022e78    000003f8     --HOLE--

.const     0    00023270    0000020c     
                  00023270    00000101     rts6200.lib : ctype.obj (.const:.string:__ctypes_)
                  00023371    00000002                 : fputs.obj (.const:.string)
                  00023373    00000001     --HOLE-- [fill = 0]
                  00023374    0000004c     RadarProcessor_lab4.obj (.const:.string)
                  000233c0    00000040     dsk6713bsl.lib : dsk6713_aic23_opencodec.obj (.const)
                  00023400    00000030     RadarProcessor_lab4.obj (.const)
                  00023430    00000023     rts6200.lib : _printfi.obj (.const:.string)
                  00023453    00000001     --HOLE-- [fill = 0]
                  00023454    00000020     dsk6713bsl.lib : dsk6713.obj (.const)
                  00023474    00000008     rts6200.lib : divd.obj (.const:.string:_initial_approx$1)

.cio       0    0002347c    00000120     UNINITIALIZED
                  0002347c    00000120     rts6200.lib : trgmsg.obj (.cio)


GLOBAL SYMBOLS: SORTED ALPHABETICALLY BY Name 

address    name
--------   ----
00000000   $bss
00000000   .bss
00000000   .data
00000000   .text
0000e500   C$$EXIT
0000db98   C$$IO$$
00023420   _CARRIER_FREQUENCY
00023428   _CHIRP_DURATION
000198d0   _DSK6713_AIC23_codeccontrolhandle
000198d4   _DSK6713_AIC23_codecdatahandle
0000b5a0   _DSK6713_AIC23_config
00007ca0   _DSK6713_AIC23_openCodec
0000b578   _DSK6713_AIC23_rget
0000b4e0   _DSK6713_AIC23_rset
0000d560   _DSK6713_AIC23_setFreq
0000a1c0   _DSK6713_LED_init
0000a200   _DSK6713_LED_off
0000a270   _DSK6713_LED_on
0000a2e0   _DSK6713_LED_toggle
00005274   _DSK6713_getVersion
00004eac   _DSK6713_init
000051c8   _DSK6713_rget
000051dc   _DSK6713_rset
000198f4   _DSK6713_version
000051f0   _DSK6713_wait
00005248   _DSK6713_waitusec
000001e0   _FFT
0000be00   _HOSTclose
0000abe0   _HOSTlseek
0000b620   _HOSTopen
0000aea0   _HOSTread
00009640   _HOSTrename
0000bf00   _HOSTunlink
0000b740   _HOSTwrite
0000e1c0   _IRQ_enable
0000e3a0   _IRQ_globalDisable
0000e3c0   _IRQ_globalEnable
0000a3a0   _IRQ_map
0000e3e0   _IRQ_nmiEnable
0000e200   _IRQ_reset
0000e400   _IRQ_setVecs
00019230   _MAX_SIGNAL_VALUE
0000e420   _MCBSP_getXmtEventId
0000c000   _MCBSP_open
00009a60   _MCBSP_reset
0000c100   _MCBSP_start
0000e440   _MCBSP_write
00023404   _NUM_CHIRPS
00023400   _NUM_SAMPLES
00023408   _NUM_SAMPLES_PER_CHIRP
00023410   _SAMPLING_FREQUENCY
00023418   _SPEED_OF_WAVE
0000dbc0   _TIMER_close
0000dec0   _TIMER_configArgs
0000e460   _TIMER_getCount
0000afe0   _TIMER_open
0000b860   _TIMER_reset
0002347c   __CIOBUF_
00019764   __IRQ_dispatchTable
000196a0   __IRQ_eventTable
0000e540   __IRQ_hookFetchPacket
00019724   __IRQ_intTable
00019820   __MCBSP_hDev0
00019824   __MCBSP_hDev1
00022e70   __STACK_END
00000400   __STACK_SIZE
00000400   __SYSMEM_SIZE
00019880   __TIMER_deviceTable
000198a0   __TIMER_hBios
00019898   __TIMER_hDev0
0001989c   __TIMER_hDev1
00000001   __TI_args_main
0000dc40   ___TI_cpp_init
000198cc   ___TI_enable_exit_profile_output
ffffffff   ___TI_pprof_out_hndl
ffffffff   ___TI_prof_data_size
ffffffff   ___TI_prof_data_start
ffffffff   ___binit__
00000000   ___bss__
ffffffff   ___c_args__
000198f8   ___cinit__
00000000   ___data__
00000000   ___edata__
00000000   ___end__
0000e560   ___etext__
0000df20   ___isinf
ffffffff   ___pinit__
00000000   ___text__
000073a0   __addd
000052e0   __addf
0000e240   __args_main
0000c200   __auto_init
0000d1a0   __c6xabi_divu
0000c900   __cleanup
000198c4   __cleanup_ptr
0000aa60   __closefile
0000c300   __cmpd
00023270   __ctypes_
0000d0e0   __cvtdf
0000dfe0   __cvtfd
00000ea0   __divd
0000c500   __divli
0000d1a0   __divu
00008ac0   __divul
00005f20   __divull
0000c9e0   __doflush
000198c8   __dtors_ptr
0000d260   __fixdi
0000d620   __fixdli
0000e040   __fltid
0000dcc0   __fltlid
00006d60   __frcaddd
0000b120   __frcmpyd
0000ad40   __frcmpyd_div
0000e0a0   __frcmpyf
00019558   __ft_end
00019238   __ftable
0000d6c0   __llshl
0000dd40   __llshru
000198d8   __lock
00007080   __mpyd
00008d20   __mpyf
0000d760   __mpyll
0000e280   __negd
0000e2c0   __negf
0000e480   __negll
0000e4a0   __nop
0000a720   __nround
00002fe0   __printfi
0000d320   __remli
0000d800   __renormd
00022a70   __stack
0000cc80   __strasg
0000e100   __subcull
0000e160   __subd
0000e300   __subf
00022e70   __sys_memory
00019418   __tmpnams
0000e340   __trunc
000198dc   __unlock
0000b980   __wrt_ok
0000e500   _abort
0000b260   _atoi
0000ddc0   _c_int00
000062c0   _c_int11
0000baa0   _close
00019204   _config
00000ba0   _convert_double_to_short_for_output
0000d3e0   _copy_in
00001ce0   _cos
00018200   _data_fft
00013380   _dechirp_img
0000f500   _dechirp_real
0001976c   _errno
0000cd60   _exit
00008280   _fputc
00003fa0   _fputs
000069e0   _free
00008840   _frexp
00009e00   _fseek
00000968   _get_timer_overhead
00019200   _hCodec
00000c70   _initialize
0001922c   _interrupt_count
000079a0   _ldexp
00003540   _log
0000d8a0   _log2
0000c700   _lseek
0000b3a0   _ltoa
00000a14   _main
000091c0   _malloc
0000de40   _memccpy
00009400   _memcpy
0000bbc0   _memset
0000cf20   _modf
0000085c   _prepare_fft_data
00000000   _prepare_w_fft
0000bce0   _printf
00008280   _putc
0000d940   _readmsg
0000e520   _remove
00008560   _setvbuf
0000ed30   _sig_img
0000e560   _sig_real
000023c0   _sin
00005b60   _sqrt
0000da80   _unlink
00009c20   _vector1
00009d40   _vector10
00009d80   _vector12
00009da0   _vector13
00009dc0   _vector14
00009de0   _vector15
00009c40   _vector2
00009c60   _vector3
00009c80   _vector4
00009ca0   _vector5
00009cc0   _vector6
00009ce0   _vector7
00009d00   _vector8
00009d20   _vector9
00009c00   _vectors
00017200   _w_fft
0000c800   _write
0000db20   _writemsg
ffffffff   binit
000198f8   cinit
00000000   edata
00000000   end
0000e560   etext
ffffffff   pinit


GLOBAL SYMBOLS: SORTED BY Symbol Address 

address    name
--------   ----
00000000   $bss
00000000   .bss
00000000   .data
00000000   .text
00000000   ___bss__
00000000   ___data__
00000000   ___edata__
00000000   ___end__
00000000   ___text__
00000000   _prepare_w_fft
00000000   edata
00000000   end
00000001   __TI_args_main
000001e0   _FFT
00000400   __STACK_SIZE
00000400   __SYSMEM_SIZE
0000085c   _prepare_fft_data
00000968   _get_timer_overhead
00000a14   _main
00000ba0   _convert_double_to_short_for_output
00000c70   _initialize
00000ea0   __divd
00001ce0   _cos
000023c0   _sin
00002fe0   __printfi
00003540   _log
00003fa0   _fputs
00004eac   _DSK6713_init
000051c8   _DSK6713_rget
000051dc   _DSK6713_rset
000051f0   _DSK6713_wait
00005248   _DSK6713_waitusec
00005274   _DSK6713_getVersion
000052e0   __addf
00005b60   _sqrt
00005f20   __divull
000062c0   _c_int11
000069e0   _free
00006d60   __frcaddd
00007080   __mpyd
000073a0   __addd
000079a0   _ldexp
00007ca0   _DSK6713_AIC23_openCodec
00008280   _fputc
00008280   _putc
00008560   _setvbuf
00008840   _frexp
00008ac0   __divul
00008d20   __mpyf
000091c0   _malloc
00009400   _memcpy
00009640   _HOSTrename
00009a60   _MCBSP_reset
00009c00   _vectors
00009c20   _vector1
00009c40   _vector2
00009c60   _vector3
00009c80   _vector4
00009ca0   _vector5
00009cc0   _vector6
00009ce0   _vector7
00009d00   _vector8
00009d20   _vector9
00009d40   _vector10
00009d80   _vector12
00009da0   _vector13
00009dc0   _vector14
00009de0   _vector15
00009e00   _fseek
0000a1c0   _DSK6713_LED_init
0000a200   _DSK6713_LED_off
0000a270   _DSK6713_LED_on
0000a2e0   _DSK6713_LED_toggle
0000a3a0   _IRQ_map
0000a720   __nround
0000aa60   __closefile
0000abe0   _HOSTlseek
0000ad40   __frcmpyd_div
0000aea0   _HOSTread
0000afe0   _TIMER_open
0000b120   __frcmpyd
0000b260   _atoi
0000b3a0   _ltoa
0000b4e0   _DSK6713_AIC23_rset
0000b578   _DSK6713_AIC23_rget
0000b5a0   _DSK6713_AIC23_config
0000b620   _HOSTopen
0000b740   _HOSTwrite
0000b860   _TIMER_reset
0000b980   __wrt_ok
0000baa0   _close
0000bbc0   _memset
0000bce0   _printf
0000be00   _HOSTclose
0000bf00   _HOSTunlink
0000c000   _MCBSP_open
0000c100   _MCBSP_start
0000c200   __auto_init
0000c300   __cmpd
0000c500   __divli
0000c700   _lseek
0000c800   _write
0000c900   __cleanup
0000c9e0   __doflush
0000cc80   __strasg
0000cd60   _exit
0000cf20   _modf
0000d0e0   __cvtdf
0000d1a0   __c6xabi_divu
0000d1a0   __divu
0000d260   __fixdi
0000d320   __remli
0000d3e0   _copy_in
0000d560   _DSK6713_AIC23_setFreq
0000d620   __fixdli
0000d6c0   __llshl
0000d760   __mpyll
0000d800   __renormd
0000d8a0   _log2
0000d940   _readmsg
0000da80   _unlink
0000db20   _writemsg
0000db98   C$$IO$$
0000dbc0   _TIMER_close
0000dc40   ___TI_cpp_init
0000dcc0   __fltlid
0000dd40   __llshru
0000ddc0   _c_int00
0000de40   _memccpy
0000dec0   _TIMER_configArgs
0000df20   ___isinf
0000dfe0   __cvtfd
0000e040   __fltid
0000e0a0   __frcmpyf
0000e100   __subcull
0000e160   __subd
0000e1c0   _IRQ_enable
0000e200   _IRQ_reset
0000e240   __args_main
0000e280   __negd
0000e2c0   __negf
0000e300   __subf
0000e340   __trunc
0000e3a0   _IRQ_globalDisable
0000e3c0   _IRQ_globalEnable
0000e3e0   _IRQ_nmiEnable
0000e400   _IRQ_setVecs
0000e420   _MCBSP_getXmtEventId
0000e440   _MCBSP_write
0000e460   _TIMER_getCount
0000e480   __negll
0000e4a0   __nop
0000e500   C$$EXIT
0000e500   _abort
0000e520   _remove
0000e540   __IRQ_hookFetchPacket
0000e560   ___etext__
0000e560   _sig_real
0000e560   etext
0000ed30   _sig_img
0000f500   _dechirp_real
00013380   _dechirp_img
00017200   _w_fft
00018200   _data_fft
00019200   _hCodec
00019204   _config
0001922c   _interrupt_count
00019230   _MAX_SIGNAL_VALUE
00019238   __ftable
00019418   __tmpnams
00019558   __ft_end
000196a0   __IRQ_eventTable
00019724   __IRQ_intTable
00019764   __IRQ_dispatchTable
0001976c   _errno
00019820   __MCBSP_hDev0
00019824   __MCBSP_hDev1
00019880   __TIMER_deviceTable
00019898   __TIMER_hDev0
0001989c   __TIMER_hDev1
000198a0   __TIMER_hBios
000198c4   __cleanup_ptr
000198c8   __dtors_ptr
000198cc   ___TI_enable_exit_profile_output
000198d0   _DSK6713_AIC23_codeccontrolhandle
000198d4   _DSK6713_AIC23_codecdatahandle
000198d8   __lock
000198dc   __unlock
000198f4   _DSK6713_version
000198f8   ___cinit__
000198f8   cinit
00022a70   __stack
00022e70   __STACK_END
00022e70   __sys_memory
00023270   __ctypes_
00023400   _NUM_SAMPLES
00023404   _NUM_CHIRPS
00023408   _NUM_SAMPLES_PER_CHIRP
00023410   _SAMPLING_FREQUENCY
00023418   _SPEED_OF_WAVE
00023420   _CARRIER_FREQUENCY
00023428   _CHIRP_DURATION
0002347c   __CIOBUF_
ffffffff   ___TI_pprof_out_hndl
ffffffff   ___TI_prof_data_size
ffffffff   ___TI_prof_data_start
ffffffff   ___binit__
ffffffff   ___c_args__
ffffffff   ___pinit__
ffffffff   binit
ffffffff   pinit

[211 symbols]
